/Users/mmollon/Documents/MCU_workspace/frdmk64f_freertos_uart/CMSIS/core_cm4.h:1809:22:__NVIC_SetPriority	16	static
../source/freertos_uart.c:96:5:main	16	static
../source/freertos_uart.c:116:13:uart_task	192	static
../source/freertos_uart.c:139:6:receive_cmd	32	static
../source/freertos_uart.c:158:6:getNetworkStatus	24	static
../source/freertos_uart.c:172:6:sendGetRequest	80	static
../source/freertos_uart.c:293:6:reset_sim	16	static
../source/freertos_uart.c:301:6:shut_sim_connection	16	static
../source/freertos_uart.c:310:6:parse_response	16	static
../source/freertos_uart.c:320:6:reverse	32	static
../source/freertos_uart.c:337:5:intToStr	32	static
../source/freertos_uart.c:356:6:ftoa	48	static
../source/freertos_uart.c:380:5:create_string	80	static
../source/freertos_uart.c:407:6:send_at_cmd	16	static
../source/freertos_uart.c:414:6:send_sms	56	static
../source/freertos_uart.c:453:6:test_sim_connection	24	static
../source/freertos_uart.c:464:6:enableGPRS	40	static
../source/freertos_uart.c:504:6:disableGPRS	16	static
../source/freertos_uart.c:512:6:check_status	16	static
