Archive member included to satisfy reference by file (symbol)

/Applications/MCUXpressoIDE_11.4.0_6237/ide/plugins/com.nxp.mcuxpresso.tools.macosx_11.4.0.202103011116/tools/bin/../lib/gcc/arm-none-eabi/10.2.1/../../../../arm-none-eabi/lib/thumb/v7e-m+fp/hard/libcr_semihost_nf.a(_cr__main.o)
                              ./startup/startup_mk64f12.o (__main)
/Applications/MCUXpressoIDE_11.4.0_6237/ide/plugins/com.nxp.mcuxpresso.tools.macosx_11.4.0.202103011116/tools/bin/../lib/gcc/arm-none-eabi/10.2.1/../../../../arm-none-eabi/lib/thumb/v7e-m+fp/hard/libcr_c.a(memcpy.o)
                              ./utilities/fsl_str.o (memcpy)
/Applications/MCUXpressoIDE_11.4.0_6237/ide/plugins/com.nxp.mcuxpresso.tools.macosx_11.4.0.202103011116/tools/bin/../lib/gcc/arm-none-eabi/10.2.1/../../../../arm-none-eabi/lib/thumb/v7e-m+fp/hard/libcr_c.a(memset.o)
                              ./source/freertos_uart.o (memset)
/Applications/MCUXpressoIDE_11.4.0_6237/ide/plugins/com.nxp.mcuxpresso.tools.macosx_11.4.0.202103011116/tools/bin/../lib/gcc/arm-none-eabi/10.2.1/../../../../arm-none-eabi/lib/thumb/v7e-m+fp/hard/libcr_c.a(alloc.o)
                              ./drivers/fsl_common.o (malloc)
/Applications/MCUXpressoIDE_11.4.0_6237/ide/plugins/com.nxp.mcuxpresso.tools.macosx_11.4.0.202103011116/tools/bin/../lib/gcc/arm-none-eabi/10.2.1/../../../../arm-none-eabi/lib/thumb/v7e-m+fp/hard/libcr_c.a(errno.o)
                              ./utilities/fsl_str.o (errno)
/Applications/MCUXpressoIDE_11.4.0_6237/ide/plugins/com.nxp.mcuxpresso.tools.macosx_11.4.0.202103011116/tools/bin/../lib/gcc/arm-none-eabi/10.2.1/../../../../arm-none-eabi/lib/thumb/v7e-m+fp/hard/libcr_c.a(initio.o)
                              /Applications/MCUXpressoIDE_11.4.0_6237/ide/plugins/com.nxp.mcuxpresso.tools.macosx_11.4.0.202103011116/tools/bin/../lib/gcc/arm-none-eabi/10.2.1/../../../../arm-none-eabi/lib/thumb/v7e-m+fp/hard/libcr_semihost_nf.a(_cr__main.o) (_initio)
/Applications/MCUXpressoIDE_11.4.0_6237/ide/plugins/com.nxp.mcuxpresso.tools.macosx_11.4.0.202103011116/tools/bin/../lib/gcc/arm-none-eabi/10.2.1/../../../../arm-none-eabi/lib/thumb/v7e-m+fp/hard/libcr_c.a(pow.o)
                              ./source/freertos_uart.o (pow)
/Applications/MCUXpressoIDE_11.4.0_6237/ide/plugins/com.nxp.mcuxpresso.tools.macosx_11.4.0.202103011116/tools/bin/../lib/gcc/arm-none-eabi/10.2.1/../../../../arm-none-eabi/lib/thumb/v7e-m+fp/hard/libcr_c.a(printf.o)
                              ./utilities/fsl_assert.o (_printf)
/Applications/MCUXpressoIDE_11.4.0_6237/ide/plugins/com.nxp.mcuxpresso.tools.macosx_11.4.0.202103011116/tools/bin/../lib/gcc/arm-none-eabi/10.2.1/../../../../arm-none-eabi/lib/thumb/v7e-m+fp/hard/libcr_c.a(scanf.o)
                              ./utilities/fsl_str.o (strtoul)
/Applications/MCUXpressoIDE_11.4.0_6237/ide/plugins/com.nxp.mcuxpresso.tools.macosx_11.4.0.202103011116/tools/bin/../lib/gcc/arm-none-eabi/10.2.1/../../../../arm-none-eabi/lib/thumb/v7e-m+fp/hard/libcr_c.a(setvbuf.o)
                              /Applications/MCUXpressoIDE_11.4.0_6237/ide/plugins/com.nxp.mcuxpresso.tools.macosx_11.4.0.202103011116/tools/bin/../lib/gcc/arm-none-eabi/10.2.1/../../../../arm-none-eabi/lib/thumb/v7e-m+fp/hard/libcr_c.a(initio.o) (setvbuf)
/Applications/MCUXpressoIDE_11.4.0_6237/ide/plugins/com.nxp.mcuxpresso.tools.macosx_11.4.0.202103011116/tools/bin/../lib/gcc/arm-none-eabi/10.2.1/../../../../arm-none-eabi/lib/thumb/v7e-m+fp/hard/libcr_c.a(strcat.o)
                              ./source/freertos_uart.o (strcat)
/Applications/MCUXpressoIDE_11.4.0_6237/ide/plugins/com.nxp.mcuxpresso.tools.macosx_11.4.0.202103011116/tools/bin/../lib/gcc/arm-none-eabi/10.2.1/../../../../arm-none-eabi/lib/thumb/v7e-m+fp/hard/libcr_c.a(strlen.o)
                              ./utilities/fsl_str.o (strlen)
/Applications/MCUXpressoIDE_11.4.0_6237/ide/plugins/com.nxp.mcuxpresso.tools.macosx_11.4.0.202103011116/tools/bin/../lib/gcc/arm-none-eabi/10.2.1/../../../../arm-none-eabi/lib/thumb/v7e-m+fp/hard/libcr_c.a(strstr.o)
                              ./source/freertos_uart.o (strstr)
/Applications/MCUXpressoIDE_11.4.0_6237/ide/plugins/com.nxp.mcuxpresso.tools.macosx_11.4.0.202103011116/tools/bin/../lib/gcc/arm-none-eabi/10.2.1/../../../../arm-none-eabi/lib/thumb/v7e-m+fp/hard/libcr_c.a(ungetc.o)
                              /Applications/MCUXpressoIDE_11.4.0_6237/ide/plugins/com.nxp.mcuxpresso.tools.macosx_11.4.0.202103011116/tools/bin/../lib/gcc/arm-none-eabi/10.2.1/../../../../arm-none-eabi/lib/thumb/v7e-m+fp/hard/libcr_c.a(scanf.o) (ungetc)
/Applications/MCUXpressoIDE_11.4.0_6237/ide/plugins/com.nxp.mcuxpresso.tools.macosx_11.4.0.202103011116/tools/bin/../lib/gcc/arm-none-eabi/10.2.1/../../../../arm-none-eabi/lib/thumb/v7e-m+fp/hard/libcr_c.a(__fillbuf.o)
[...]
Memory Configuration

Name             Origin             Length             Attributes
PROGRAM_FLASH    0x0000000000000000 0x0000000000100000 xr
SRAM_UPPER       0x0000000020000000 0x0000000000030000 xrw
SRAM_LOWER       0x000000001fff0000 0x0000000000010000 xrw
FLEX_RAM         0x0000000014000000 0x0000000000001000 xrw
*default*        0x0000000000000000 0xffffffffffffffff

Linker script and memory map

LOAD ./utilities/fsl_assert.o
LOAD ./utilities/fsl_debug_console.o
LOAD ./utilities/fsl_str.o
LOAD ./startup/startup_mk64f12.o
LOAD ./source/freertos_uart.o
LOAD ./source/semihost_hardfault.o
LOAD ./freertos/freertos_kernel/portable/MemMang/heap_4.o
LOAD ./freertos/freertos_kernel/portable/GCC/ARM_CM4F/port.o
LOAD ./freertos/freertos_kernel/croutine.o
LOAD ./freertos/freertos_kernel/event_groups.o
LOAD ./freertos/freertos_kernel/list.o
LOAD ./freertos/freertos_kernel/queue.o
LOAD ./freertos/freertos_kernel/stream_buffer.o
LOAD ./freertos/freertos_kernel/tasks.o
LOAD ./freertos/freertos_kernel/timers.o
LOAD ./drivers/freertos/fsl_uart_freertos.o
LOAD ./drivers/fsl_clock.o
LOAD ./drivers/fsl_common.o
LOAD ./drivers/fsl_common_arm.o
LOAD ./drivers/fsl_ftfx_cache.o
LOAD ./drivers/fsl_ftfx_controller.o
LOAD ./drivers/fsl_ftfx_flash.o
LOAD ./drivers/fsl_ftfx_flexnvm.o
LOAD ./drivers/fsl_gpio.o
LOAD ./drivers/fsl_smc.o
LOAD ./drivers/fsl_uart.o
LOAD ./device/system_MK64F12.o
LOAD ./component/uart/fsl_adapter_uart.o
LOAD ./component/serial_manager/fsl_component_serial_manager.o
LOAD ./component/serial_manager/fsl_component_serial_port_uart.o
LOAD ./component/lists/fsl_component_generic_list.o
LOAD ./board/board.o
LOAD ./board/clock_config.o
LOAD ./board/peripherals.o
LOAD ./board/pin_mux.o
START GROUP
LOAD /Applications/MCUXpressoIDE_11.4.0_6237/ide/plugins/com.nxp.mcuxpresso.tools.macosx_11.4.0.202103011116/tools/bin/../lib/gcc/arm-none-eabi/10.2.1/../../../../arm-none-eabi/lib/thumb/v7e-m+fp/hard/libcr_semihost_nf.a
LOAD /Applications/MCUXpressoIDE_11.4.0_6237/ide/plugins/com.nxp.mcuxpresso.tools.macosx_11.4.0.202103011116/tools/bin/../lib/gcc/arm-none-eabi/10.2.1/../../../../arm-none-eabi/lib/thumb/v7e-m+fp/hard/libcr_c.a
LOAD /Applications/MCUXpressoIDE_11.4.0_6237/ide/plugins/com.nxp.mcuxpresso.tools.macosx_11.4.0.202103011116/tools/bin/../lib/gcc/arm-none-eabi/10.2.1/thumb/v7e-m+fp/hard/libcr_eabihelpers.a
LOAD /Applications/MCUXpressoIDE_11.4.0_6237/ide/plugins/com.nxp.mcuxpresso.tools.macosx_11.4.0.202103011116/tools/bin/../lib/gcc/arm-none-eabi/10.2.1/thumb/v7e-m+fp/hard/libgcc.a
END GROUP
                0x0000000000000000                __base_PROGRAM_FLASH = 0x0
                0x0000000000000000                __base_Flash = 0x0
                0x0000000000100000                __top_PROGRAM_FLASH = 0x100000
                0x0000000000100000                __top_Flash = 0x100000
                0x0000000020000000                __base_SRAM_UPPER = 0x20000000
                0x0000000020000000                __base_RAM = 0x20000000
                0x0000000020030000                __top_SRAM_UPPER = 0x20030000
                0x0000000020030000                __top_RAM = 0x20030000
                0x000000001fff0000                __base_SRAM_LOWER = 0x1fff0000
                0x000000001fff0000                __base_RAM2 = 0x1fff0000
                0x0000000020000000                __top_SRAM_LOWER = 0x20000000
                0x0000000020000000                __top_RAM2 = 0x20000000
                0x0000000014000000                __base_FLEX_RAM = 0x14000000
                0x0000000014000000                __base_RAM3 = 0x14000000
                0x0000000014001000                __top_FLEX_RAM = 0x14001000
                0x0000000014001000                __top_RAM3 = 0x14001000

.text           0x0000000000000000     0x8ed8
 FILL mask 0xff
                0x0000000000000000                __vectors_start__ = ABSOLUTE (.)
 *(SORT_BY_ALIGNMENT(.isr_vector))
 .isr_vector    0x0000000000000000      0x198 ./startup/startup_mk64f12.o
                0x0000000000000000                __Vectors
                0x0000000000000000                g_pfnVectors
                0x0000000000000198                . = ALIGN (0x4)
                0x0000000000000198                __section_table_start = .
                0x0000000000000198                __data_section_table = .
                0x0000000000000198        0x4 LONG 0x8ed8 LOADADDR (.data)
                0x000000000000019c        0x4 LONG 0x20000000 ADDR (.data)
                0x00000000000001a0        0x4 LONG 0x30 SIZEOF (.data)
                0x00000000000001a4        0x4 LONG 0x8ed8 LOADADDR (.data_RAM2)
                0x00000000000001a8        0x4 LONG 0x1fff0000 ADDR (.data_RAM2)
                0x00000000000001ac        0x4 LONG 0x0 SIZEOF (.data_RAM2)
                0x00000000000001b0        0x4 LONG 0x8ed8 LOADADDR (.data_RAM3)
                0x00000000000001b4        0x4 LONG 0x14000000 ADDR (.data_RAM3)
                0x00000000000001b8        0x4 LONG 0x0 SIZEOF (.data_RAM3)
                0x00000000000001bc                __data_section_table_end = .
                0x00000000000001bc                __bss_section_table = .
                0x00000000000001bc        0x4 LONG 0x20000030 ADDR (.bss)
                0x00000000000001c0        0x4 LONG 0x2c18 SIZEOF (.bss)
                0x00000000000001c4        0x4 LONG 0x1fff0000 ADDR (.bss_RAM2)
                0x00000000000001c8        0x4 LONG 0x0 SIZEOF (.bss_RAM2)
                0x00000000000001cc        0x4 LONG 0x14000000 ADDR (.bss_RAM3)
                0x00000000000001d0        0x4 LONG 0x0 SIZEOF (.bss_RAM3)
                0x00000000000001d4                __bss_section_table_end = .
                0x00000000000001d4                __section_table_end = .
 *(SORT_BY_ALIGNMENT(.after_vectors*))
 .after_vectors.reset
                0x00000000000001d4       0x4c ./startup/startup_mk64f12.o
                0x00000000000001d4                ResetISR
 .after_vectors.init_data
                0x0000000000000220       0x1e ./startup/startup_mk64f12.o
                0x0000000000000220                data_init
 .after_vectors.init_bss
                0x000000000000023e       0x12 ./startup/startup_mk64f12.o
                0x000000000000023e                bss_init
 .after_vectors
                0x0000000000000250       0x14 ./startup/startup_mk64f12.o
                0x0000000000000250                NMI_Handler
                0x0000000000000254                MemManage_Handler
                0x0000000000000256                BusFault_Handler
                0x0000000000000258                UsageFault_Handler
                0x000000000000025c                DebugMon_Handler
                0x0000000000000262                LPTMR0_DriverIRQHandler
                0x0000000000000262                DMA_Error_DriverIRQHandler
                0x0000000000000262                FTM1_DriverIRQHandler
                0x0000000000000262                FTM2_DriverIRQHandler
                0x0000000000000262                PIT2_DriverIRQHandler
                0x0000000000000262                SDHC_DriverIRQHandler
                0x0000000000000262                I2S0_Tx_DriverIRQHandler
                0x0000000000000262                RTC_Seconds_DriverIRQHandler
                0x0000000000000262                DMA6_DriverIRQHandler
                0x0000000000000262                LLWU_DriverIRQHandler
                0x0000000000000262                MCM_DriverIRQHandler
                0x0000000000000262                MCG_DriverIRQHandler
                0x0000000000000262                ENET_1588_Timer_DriverIRQHandler
                0x0000000000000262                I2C2_DriverIRQHandler
                0x0000000000000262                DAC1_DriverIRQHandler
                0x0000000000000262                CMP1_DriverIRQHandler
                0x0000000000000262                FTM0_DriverIRQHandler
                0x0000000000000262                IntDefaultHandler
                0x0000000000000262                USB0_DriverIRQHandler
                0x0000000000000262                UART5_ERR_DriverIRQHandler
                0x0000000000000262                PORTC_DriverIRQHandler
                0x0000000000000262                DMA11_DriverIRQHandler
                0x0000000000000262                DAC0_DriverIRQHandler
                0x0000000000000262                DMA10_DriverIRQHandler
                0x0000000000000262                CMP2_DriverIRQHandler
                0x0000000000000262                UART2_ERR_DriverIRQHandler
                0x0000000000000262                SPI2_DriverIRQHandler
                0x0000000000000262                LVD_LVW_DriverIRQHandler
                0x0000000000000262                PIT0_DriverIRQHandler
                0x0000000000000262                RNG_DriverIRQHandler
                0x0000000000000262                DMA5_DriverIRQHandler
                0x0000000000000262                DMA4_DriverIRQHandler
                0x0000000000000262                USBDCD_DriverIRQHandler
                0x0000000000000262                UART3_ERR_DriverIRQHandler
                0x0000000000000262                DMA3_DriverIRQHandler
                0x0000000000000262                DMA8_DriverIRQHandler
                0x0000000000000262                DMA9_DriverIRQHandler
                0x0000000000000262                UART0_ERR_DriverIRQHandler
                0x0000000000000262                CMT_DriverIRQHandler
                0x0000000000000262                Reserved71_DriverIRQHandler
                0x0000000000000262                ADC1_DriverIRQHandler
                0x0000000000000262                PORTA_DriverIRQHandler
                0x0000000000000262                DMA14_DriverIRQHandler
                0x0000000000000262                PIT3_DriverIRQHandler
                0x0000000000000262                PIT1_DriverIRQHandler
                0x0000000000000262                WDOG_EWM_DriverIRQHandler
                0x0000000000000262                PDB0_DriverIRQHandler
                0x0000000000000262                RTC_DriverIRQHandler
                0x0000000000000262                I2S0_Rx_DriverIRQHandler
                0x0000000000000262                Read_Collision_DriverIRQHandler
                0x0000000000000262                SWI_DriverIRQHandler
                0x0000000000000262                UART4_ERR_DriverIRQHandler
                0x0000000000000262                UART0_LON_DriverIRQHandler
                0x0000000000000262                DMA1_DriverIRQHandler
                0x0000000000000262                I2C1_DriverIRQHandler
                0x0000000000000262                ENET_Receive_DriverIRQHandler
                0x0000000000000262                DMA13_DriverIRQHandler
                0x0000000000000262                ENET_Error_DriverIRQHandler
                0x0000000000000262                DMA15_DriverIRQHandler
                0x0000000000000262                SPI0_DriverIRQHandler
                0x0000000000000262                ADC0_DriverIRQHandler
                0x0000000000000262                CMP0_DriverIRQHandler
                0x0000000000000262                CAN0_DriverIRQHandler
                0x0000000000000262                FTM3_DriverIRQHandler
                0x0000000000000262                UART1_ERR_DriverIRQHandler
                0x0000000000000262                DMA2_DriverIRQHandler
                0x0000000000000262                ENET_Transmit_DriverIRQHandler
                0x0000000000000262                PORTD_DriverIRQHandler
                0x0000000000000262                PORTE_DriverIRQHandler
                0x0000000000000262                FTFE_DriverIRQHandler
                0x0000000000000262                I2C0_DriverIRQHandler
                0x0000000000000262                DMA7_DriverIRQHandler
                0x0000000000000262                DMA0_DriverIRQHandler
                0x0000000000000262                PORTB_DriverIRQHandler
                0x0000000000000262                DMA12_DriverIRQHandler
                0x0000000000000262                SPI1_DriverIRQHandler
                0x0000000000000400                . = 0x400
 *fill*         0x0000000000000264      0x19c ff
                0x0000000000000400                PROVIDE (__FLASH_CONFIG_START__ = .)
 *(SORT_BY_ALIGNMENT(.FlashConfig))
 .FlashConfig   0x0000000000000400       0x10 ./startup/startup_mk64f12.o
                0x0000000000000400                Flash_Config
                0x0000000000000410                PROVIDE (__FLASH_CONFIG_END__ = .)
                0x0000000000000001                ASSERT (! ((__FLASH_CONFIG_START__ == __FLASH_CONFIG_END__)), Linker Flash Config Support Enabled, but no .FlashConfig section provided within application)
 *(SORT_BY_ALIGNMENT(.text*))
 .text.SVC_Handler
                0x0000000000000410       0x28 ./freertos/freertos_kernel/portable/GCC/ARM_CM4F/port.o
                0x0000000000000410                SVC_Handler
 *fill*         0x0000000000000438        0x8 ff
 .text.PendSV_Handler
                0x0000000000000440       0x68 ./freertos/freertos_kernel/portable/GCC/ARM_CM4F/port.o
                0x0000000000000440                PendSV_Handler
 .text.ftoa     0x00000000000004a8       0xb8 ./source/freertos_uart.o
                0x00000000000004a8                ftoa
 .text.pow      0x0000000000000560      0x564 /Applications/MCUXpressoIDE_11.4.0_6237/ide/plugins/com.nxp.mcuxpresso.tools.macosx_11.4.0.202103011116/tools/bin/../lib/gcc/arm-none-eabi/10.2.1/../../../../arm-none-eabi/lib/thumb/v7e-m+fp/hard/libcr_c.a(pow.o)
                0x0000000000000560                pow
 *fill*         0x0000000000000ac4        0x4 ff
 .text.frexp    0x0000000000000ac8       0x68 /Applications/MCUXpressoIDE_11.4.0_6237/ide/plugins/com.nxp.mcuxpresso.tools.macosx_11.4.0.202103011116/tools/bin/../lib/gcc/arm-none-eabi/10.2.1/../../../../arm-none-eabi/lib/thumb/v7e-m+fp/hard/libcr_c.a(frexp.o)
                0x0000000000000ac8                frexp
 .text.ldexp    0x0000000000000b30       0x5c /Applications/MCUXpressoIDE_11.4.0_6237/ide/plugins/com.nxp.mcuxpresso.tools.macosx_11.4.0.202103011116/tools/bin/../lib/gcc/arm-none-eabi/10.2.1/../../../../arm-none-eabi/lib/thumb/v7e-m+fp/hard/libcr_c.a(ldexp.o)
                0x0000000000000b30                ldexp
 .text.__assertion_failed
                0x0000000000000b8c       0x18 ./utilities/fsl_assert.o
                0x0000000000000b8c                __assertion_failed
 .text.__NVIC_SetPriority
                0x0000000000000ba4       0x54 ./source/freertos_uart.o
 .text.main     0x0000000000000bf8       0x50 ./source/freertos_uart.o
                0x0000000000000bf8                main
 .text.uart_task
                0x0000000000000c48       0x9c ./source/freertos_uart.o
 .text.receive_cmd
                0x0000000000000ce4       0x74 ./source/freertos_uart.o
                0x0000000000000ce4                receive_cmd
 .text.getNetworkStatus
                0x0000000000000d58       0x44 ./source/freertos_uart.o
                0x0000000000000d58                getNetworkStatus
 .text.sendGetRequest
                0x0000000000000d9c      0x2a8 ./source/freertos_uart.o
                0x0000000000000d9c                sendGetRequest
 .text.shut_sim_connection
                0x0000000000001044       0x40 ./source/freertos_uart.o
                0x0000000000001044                shut_sim_connection
 .text.intToStr
                0x0000000000001084       0x90 ./source/freertos_uart.o
                0x0000000000001084                intToStr
 .text.create_string
                0x0000000000001114       0xd4 ./source/freertos_uart.o
                0x0000000000001114                create_string
 .text.send_at_cmd
                0x00000000000011e8       0x28 ./source/freertos_uart.o
                0x00000000000011e8                send_at_cmd
 .text.pvPortMalloc
                0x0000000000001210      0x1c0 ./freertos/freertos_kernel/portable/MemMang/heap_4.o
                0x0000000000001210                pvPortMalloc
 .text.vPortFree
                0x00000000000013d0       0xc4 ./freertos/freertos_kernel/portable/MemMang/heap_4.o
                0x00000000000013d0                vPortFree
 .text.prvHeapInit
                0x0000000000001494       0xc4 ./freertos/freertos_kernel/portable/MemMang/heap_4.o
 .text.prvInsertBlockIntoFreeList
                0x0000000000001558       0xb4 ./freertos/freertos_kernel/portable/MemMang/heap_4.o
 .text.pxPortInitialiseStack
                0x000000000000160c       0x68 ./freertos/freertos_kernel/portable/GCC/ARM_CM4F/port.o
                0x000000000000160c                pxPortInitialiseStack
 .text.prvTaskExitError
                0x0000000000001674       0x58 ./freertos/freertos_kernel/portable/GCC/ARM_CM4F/port.o
 .text.prvPortStartFirstTask
                0x00000000000016cc       0x2c ./freertos/freertos_kernel/portable/GCC/ARM_CM4F/port.o
 .text.xPortStartScheduler
                0x00000000000016f8      0x144 ./freertos/freertos_kernel/portable/GCC/ARM_CM4F/port.o
                0x00000000000016f8                xPortStartScheduler
 .text.vPortEnterCritical
                0x000000000000183c       0x60 ./freertos/freertos_kernel/portable/GCC/ARM_CM4F/port.o
                0x000000000000183c                vPortEnterCritical
 .text.vPortExitCritical
                0x000000000000189c       0x54 ./freertos/freertos_kernel/portable/GCC/ARM_CM4F/port.o
                0x000000000000189c                vPortExitCritical
 .text.SysTick_Handler
                0x00000000000018f0       0x44 ./freertos/freertos_kernel/portable/GCC/ARM_CM4F/port.o
                0x00000000000018f0                SysTick_Handler
 .text.vPortSetupTimerInterrupt
                0x0000000000001934       0x48 ./freertos/freertos_kernel/portable/GCC/ARM_CM4F/port.o
                0x0000000000001934                vPortSetupTimerInterrupt
 .text.vPortEnableVFP
                0x000000000000197c       0x18 ./freertos/freertos_kernel/portable/GCC/ARM_CM4F/port.o
 .text.vPortValidateInterruptPriority
                0x0000000000001994       0x80 ./freertos/freertos_kernel/portable/GCC/ARM_CM4F/port.o
                0x0000000000001994                vPortValidateInterruptPriority
 .text.xEventGroupWaitBits
                0x0000000000001a14      0x19c ./freertos/freertos_kernel/event_groups.o
                0x0000000000001a14                xEventGroupWaitBits
 .text.xEventGroupSetBitsFromISR
                0x0000000000001bb0       0x28 ./freertos/freertos_kernel/event_groups.o
                0x0000000000001bb0                xEventGroupSetBitsFromISR
 .text.xQueueGenericReset
                0x0000000000001bd8       0xd0 ./freertos/freertos_kernel/queue.o
                0x0000000000001bd8                xQueueGenericReset
 .text.xQueueGenericSend
                0x0000000000001ca8      0x1fc ./freertos/freertos_kernel/queue.o
                0x0000000000001ca8                xQueueGenericSend
 .text.xQueueReceive
                0x0000000000001ea4      0x1c0 ./freertos/freertos_kernel/queue.o
                0x0000000000001ea4                xQueueReceive
 .text.xQueueSemaphoreTake
                0x0000000000002064      0x21c ./freertos/freertos_kernel/queue.o
                0x0000000000002064                xQueueSemaphoreTake
 .text.vQueueAddToRegistry
                0x0000000000002280       0x54 ./freertos/freertos_kernel/queue.o
                0x0000000000002280                vQueueAddToRegistry
 .text.vQueueUnregisterQueue
                0x00000000000022d4       0x54 ./freertos/freertos_kernel/queue.o
                0x00000000000022d4                vQueueUnregisterQueue
 .text.prvAddNewTaskToReadyList
                0x0000000000002328       0xdc ./freertos/freertos_kernel/tasks.o
 .text.vTaskDelay
                0x0000000000002404       0x68 ./freertos/freertos_kernel/tasks.o
                0x0000000000002404                vTaskDelay
 .text.vTaskSuspend
                0x000000000000246c      0x140 ./freertos/freertos_kernel/tasks.o
                0x000000000000246c                vTaskSuspend
 .text.vTaskStartScheduler
                0x00000000000025ac       0xa4 ./freertos/freertos_kernel/tasks.o
                0x00000000000025ac                vTaskStartScheduler
 .text.vTaskSuspendAll
                0x0000000000002650       0x1c ./freertos/freertos_kernel/tasks.o
                0x0000000000002650                vTaskSuspendAll
 .text.xTaskResumeAll
                0x000000000000266c      0x138 ./freertos/freertos_kernel/tasks.o
                0x000000000000266c                xTaskResumeAll
 .text.xTaskGetTickCount
                0x00000000000027a4       0x20 ./freertos/freertos_kernel/tasks.o
                0x00000000000027a4                xTaskGetTickCount
 .text.xTaskIncrementTick
                0x00000000000027c4      0x154 ./freertos/freertos_kernel/tasks.o
                0x00000000000027c4                xTaskIncrementTick
 .text.vTaskSwitchContext
                0x0000000000002918       0xb8 ./freertos/freertos_kernel/tasks.o
                0x0000000000002918                vTaskSwitchContext
 .text.vTaskPlaceOnEventList
                0x00000000000029d0       0x48 ./freertos/freertos_kernel/tasks.o
                0x00000000000029d0                vTaskPlaceOnEventList
 .text.vTaskPlaceOnUnorderedEventList
                0x0000000000002a18       0x78 ./freertos/freertos_kernel/tasks.o
                0x0000000000002a18                vTaskPlaceOnUnorderedEventList
 .text.vTaskPlaceOnEventListRestricted
                0x0000000000002a90       0x58 ./freertos/freertos_kernel/tasks.o
                0x0000000000002a90                vTaskPlaceOnEventListRestricted
 .text.xTaskRemoveFromEventList
                0x0000000000002ae8       0xc4 ./freertos/freertos_kernel/tasks.o
                0x0000000000002ae8                xTaskRemoveFromEventList
 .text.vTaskRemoveFromUnorderedEventList
                0x0000000000002bac       0xc4 ./freertos/freertos_kernel/tasks.o
                0x0000000000002bac                vTaskRemoveFromUnorderedEventList
 .text.vTaskInternalSetTimeOutState
                0x0000000000002c70       0x2c ./freertos/freertos_kernel/tasks.o
                0x0000000000002c70                vTaskInternalSetTimeOutState
 .text.xTaskCheckForTimeOut
                0x0000000000002c9c       0xcc ./freertos/freertos_kernel/tasks.o
                0x0000000000002c9c                xTaskCheckForTimeOut
 .text.vTaskMissedYield
                0x0000000000002d68       0x18 ./freertos/freertos_kernel/tasks.o
                0x0000000000002d68                vTaskMissedYield
 .text.prvIdleTask
                0x0000000000002d80       0x30 ./freertos/freertos_kernel/tasks.o
 .text.prvInitialiseTaskLists
                0x0000000000002db0       0x80 ./freertos/freertos_kernel/tasks.o
 .text.prvCheckTasksWaitingTermination
                0x0000000000002e30       0x5c ./freertos/freertos_kernel/tasks.o
 .text.prvResetNextTaskUnblockTime
                0x0000000000002e8c       0x38 ./freertos/freertos_kernel/tasks.o
 .text.xTaskGetSchedulerState
                0x0000000000002ec4       0x3c ./freertos/freertos_kernel/tasks.o
                0x0000000000002ec4                xTaskGetSchedulerState
 .text.xTaskPriorityInherit
                0x0000000000002f00       0xec ./freertos/freertos_kernel/tasks.o
                0x0000000000002f00                xTaskPriorityInherit
 .text.xTaskPriorityDisinherit
                0x0000000000002fec       0xf4 ./freertos/freertos_kernel/tasks.o
                0x0000000000002fec                xTaskPriorityDisinherit
 .text.vTaskPriorityDisinheritAfterTimeout
                0x00000000000030e0      0x11c ./freertos/freertos_kernel/tasks.o
                0x00000000000030e0                vTaskPriorityDisinheritAfterTimeout
 .text.uxTaskResetEventItemValue
                0x00000000000031fc       0x30 ./freertos/freertos_kernel/tasks.o
                0x00000000000031fc                uxTaskResetEventItemValue
 .text.pvTaskIncrementMutexHeldCount
                0x000000000000322c       0x28 ./freertos/freertos_kernel/tasks.o
                0x000000000000322c                pvTaskIncrementMutexHeldCount
 .text.prvAddCurrentTaskToDelayedList
                0x0000000000003254       0xcc ./freertos/freertos_kernel/tasks.o
 .text.xTimerCreateTimerTask
                0x0000000000003320       0x64 ./freertos/freertos_kernel/timers.o
                0x0000000000003320                xTimerCreateTimerTask
 .text.xTimerGenericCommand
                0x0000000000003384       0x9c ./freertos/freertos_kernel/timers.o
                0x0000000000003384                xTimerGenericCommand
 .text.prvProcessExpiredTimer
                0x0000000000003420       0x98 ./freertos/freertos_kernel/timers.o
 .text.prvProcessTimerOrBlockTask
                0x00000000000034b8       0x9c ./freertos/freertos_kernel/timers.o
 .text.prvGetNextExpireTime
                0x0000000000003554       0x48 ./freertos/freertos_kernel/timers.o
 .text.prvSampleTimeNow
                0x000000000000359c       0x40 ./freertos/freertos_kernel/timers.o
 .text.prvInsertTimerInActiveList
                0x00000000000035dc       0x84 ./freertos/freertos_kernel/timers.o
 .text.prvProcessReceivedCommands
                0x0000000000003660      0x1c4 ./freertos/freertos_kernel/timers.o
 .text.prvSwitchTimerLists
                0x0000000000003824       0xc8 ./freertos/freertos_kernel/timers.o
 .text.prvCheckForValidListAndQueue
                0x00000000000038ec       0x6c ./freertos/freertos_kernel/timers.o
 .text.xTimerPendFunctionCallFromISR
                0x0000000000003958       0x40 ./freertos/freertos_kernel/timers.o
                0x0000000000003958                xTimerPendFunctionCallFromISR
 .text.UART_RTOS_Callback
                0x0000000000003998       0xc0 ./drivers/freertos/fsl_uart_freertos.o
 .text.UART_RTOS_Init
                0x0000000000003a58      0x1a0 ./drivers/freertos/fsl_uart_freertos.o
                0x0000000000003a58                UART_RTOS_Init
 .text.CLOCK_SetEr32kClock
                0x0000000000003bf8       0x30 ./drivers/fsl_clock.o
 .text.CLOCK_SetPllFllSelClock
                0x0000000000003c28       0x38 ./drivers/fsl_clock.o
 .text.CLOCK_GetMcgExtClkFreq
                0x0000000000003c60       0x7c ./drivers/fsl_clock.o
 .text.CLOCK_GetFllExtRefClkFreq
                0x0000000000003cdc       0xb0 ./drivers/fsl_clock.o
 .text.CLOCK_GetInternalRefClkSelectFreq
                0x0000000000003d8c       0x4c ./drivers/fsl_clock.o
 .text.CLOCK_GetFllRefClkFreq
                0x0000000000003dd8       0x34 ./drivers/fsl_clock.o
 .text.CLOCK_GetOscRangeFromFreq
                0x0000000000003e0c       0x3c ./drivers/fsl_clock.o
 .text.CLOCK_GetOsc0ErClkFreq
                0x0000000000003e48       0x44 ./drivers/fsl_clock.o
                0x0000000000003e48                CLOCK_GetOsc0ErClkFreq
 .text.CLOCK_GetEr32kClkFreq
                0x0000000000003e8c       0x74 ./drivers/fsl_clock.o
                0x0000000000003e8c                CLOCK_GetEr32kClkFreq
 .text.CLOCK_GetPllFllSelClkFreq
                0x0000000000003f00       0x54 ./drivers/fsl_clock.o
                0x0000000000003f00                CLOCK_GetPllFllSelClkFreq
 .text.CLOCK_GetFreq
                0x0000000000003f54      0x140 ./drivers/fsl_clock.o
                0x0000000000003f54                CLOCK_GetFreq
 .text.CLOCK_SetSimConfig
                0x0000000000004094       0x34 ./drivers/fsl_clock.o
                0x0000000000004094                CLOCK_SetSimConfig
 .text.CLOCK_GetOutClkFreq
                0x00000000000040c8       0x64 ./drivers/fsl_clock.o
                0x00000000000040c8                CLOCK_GetOutClkFreq
 .text.CLOCK_GetFllFreq
                0x000000000000412c       0x84 ./drivers/fsl_clock.o
                0x000000000000412c                CLOCK_GetFllFreq
 .text.CLOCK_GetInternalRefClkFreq
                0x00000000000041b0       0x30 ./drivers/fsl_clock.o
                0x00000000000041b0                CLOCK_GetInternalRefClkFreq
 .text.CLOCK_GetPll0Freq
                0x00000000000041e0       0x78 ./drivers/fsl_clock.o
                0x00000000000041e0                CLOCK_GetPll0Freq
 .text.CLOCK_SetExternalRefClkConfig
                0x0000000000004258       0x6c ./drivers/fsl_clock.o
                0x0000000000004258                CLOCK_SetExternalRefClkConfig
 .text.CLOCK_SetInternalRefClkConfig
                0x00000000000042c4      0x104 ./drivers/fsl_clock.o
                0x00000000000042c4                CLOCK_SetInternalRefClkConfig
 .text.CLOCK_EnablePll0
                0x00000000000043c8       0x88 ./drivers/fsl_clock.o
                0x00000000000043c8                CLOCK_EnablePll0
 .text.CLOCK_InitOsc0
                0x0000000000004450       0x8c ./drivers/fsl_clock.o
                0x0000000000004450                CLOCK_InitOsc0
 .text.CLOCK_SetPbeMode
                0x00000000000044dc       0xa8 ./drivers/fsl_clock.o
                0x00000000000044dc                CLOCK_SetPbeMode
 .text.CLOCK_BootToPeeMode
                0x0000000000004584       0x64 ./drivers/fsl_clock.o
                0x0000000000004584                CLOCK_BootToPeeMode
 .text.__NVIC_EnableIRQ
                0x00000000000045e8       0x3c ./drivers/fsl_uart.o
 .text.UART_GetInstance
                0x0000000000004624       0x54 ./drivers/fsl_uart.o
                0x0000000000004624                UART_GetInstance
 .text.UART_TransferGetRxRingBufferLength
                0x0000000000004678       0x50 ./drivers/fsl_uart.o
                0x0000000000004678                UART_TransferGetRxRingBufferLength
 .text.UART_TransferIsRxRingBufferFull
                0x00000000000046c8       0x40 ./drivers/fsl_uart.o
 .text.UART_Init
                0x0000000000004708      0x2f4 ./drivers/fsl_uart.o
                0x0000000000004708                UART_Init
 .text.UART_GetDefaultConfig
                0x00000000000049fc       0x68 ./drivers/fsl_uart.o
                0x00000000000049fc                UART_GetDefaultConfig
 .text.UART_WriteNonBlocking
                0x0000000000004a64       0x48 ./drivers/fsl_uart.o
 .text.UART_ReadNonBlocking
                0x0000000000004aac       0x48 ./drivers/fsl_uart.o
 .text.UART_TransferCreateHandle
                0x0000000000004af4       0x84 ./drivers/fsl_uart.o
                0x0000000000004af4                UART_TransferCreateHandle
 .text.UART_TransferStartRingBuffer
                0x0000000000004b78       0x9c ./drivers/fsl_uart.o
                0x0000000000004b78                UART_TransferStartRingBuffer
 .text.UART_TransferSendNonBlocking
                0x0000000000004c14       0xb0 ./drivers/fsl_uart.o
                0x0000000000004c14                UART_TransferSendNonBlocking
 .text.UART_TransferReceiveNonBlocking
                0x0000000000004cc4      0x1fc ./drivers/fsl_uart.o
                0x0000000000004cc4                UART_TransferReceiveNonBlocking
 .text.UART_TransferHandleIRQ
                0x0000000000004ec0      0x5d4 ./drivers/fsl_uart.o
                0x0000000000004ec0                UART_TransferHandleIRQ
 .text.UART0_DriverIRQHandler
                0x0000000000005494       0x28 ./drivers/fsl_uart.o
                0x0000000000005494                UART0_DriverIRQHandler
 .text.UART1_DriverIRQHandler
                0x00000000000054bc       0x28 ./drivers/fsl_uart.o
                0x00000000000054bc                UART1_DriverIRQHandler
 .text.UART2_DriverIRQHandler
                0x00000000000054e4       0x28 ./drivers/fsl_uart.o
                0x00000000000054e4                UART2_DriverIRQHandler
 .text.UART3_DriverIRQHandler
                0x000000000000550c       0x28 ./drivers/fsl_uart.o
                0x000000000000550c                UART3_DriverIRQHandler
 .text.UART4_DriverIRQHandler
                0x0000000000005534       0x28 ./drivers/fsl_uart.o
                0x0000000000005534                UART4_DriverIRQHandler
 .text.UART5_DriverIRQHandler
                0x000000000000555c       0x28 ./drivers/fsl_uart.o
                0x000000000000555c                UART5_DriverIRQHandler
 .text.SystemInit
                0x0000000000005584       0x3c ./device/system_MK64F12.o
                0x0000000000005584                SystemInit
 .text.CLOCK_SetSimSafeDivs
                0x00000000000055c0       0x20 ./board/clock_config.o
 .text.CLOCK_SetXtal0Freq
                0x00000000000055e0       0x20 ./board/clock_config.o
 .text.CLOCK_CONFIG_SetFllExtRefDiv
                0x0000000000005600       0x3c ./board/clock_config.o
 .text.BOARD_BootClockRUN
                0x000000000000563c       0x60 ./board/clock_config.o
                0x000000000000563c                BOARD_BootClockRUN
 .text.UART3_init
                0x000000000000569c       0x2c ./board/peripherals.o
 .text.BOARD_InitPins
                0x00000000000056c8       0x2c ./board/pin_mux.o
                0x00000000000056c8                BOARD_InitPins
 .text.malloc   0x00000000000056f4       0xc8 /Applications/MCUXpressoIDE_11.4.0_6237/ide/plugins/com.nxp.mcuxpresso.tools.macosx_11.4.0.202103011116/tools/bin/../lib/gcc/arm-none-eabi/10.2.1/../../../../arm-none-eabi/lib/thumb/v7e-m+fp/hard/libcr_c.a(alloc.o)
                0x00000000000056f4                malloc
 .text._Csys_alloc
                0x00000000000057bc       0x20 /Applications/MCUXpressoIDE_11.4.0_6237/ide/plugins/com.nxp.mcuxpresso.tools.macosx_11.4.0.202103011116/tools/bin/../lib/gcc/arm-none-eabi/10.2.1/../../../../arm-none-eabi/lib/thumb/v7e-m+fp/hard/libcr_c.a(alloc.o)
                0x00000000000057bc                _Csys_alloc
 .text._initio  0x00000000000057dc       0x78 /Applications/MCUXpressoIDE_11.4.0_6237/ide/plugins/com.nxp.mcuxpresso.tools.macosx_11.4.0.202103011116/tools/bin/../lib/gcc/arm-none-eabi/10.2.1/../../../../arm-none-eabi/lib/thumb/v7e-m+fp/hard/libcr_c.a(initio.o)
                0x00000000000057dc                _initio
 .text.__vfprintf
                0x0000000000005854      0xbf4 /Applications/MCUXpressoIDE_11.4.0_6237/ide/plugins/com.nxp.mcuxpresso.tools.macosx_11.4.0.202103011116/tools/bin/../lib/gcc/arm-none-eabi/10.2.1/../../../../arm-none-eabi/lib/thumb/v7e-m+fp/hard/libcr_c.a(printf.o)
                0x0000000000005854                __vfprintf
 .text._vsnprintf
                0x0000000000006448       0x68 /Applications/MCUXpressoIDE_11.4.0_6237/ide/plugins/com.nxp.mcuxpresso.tools.macosx_11.4.0.202103011116/tools/bin/../lib/gcc/arm-none-eabi/10.2.1/../../../../arm-none-eabi/lib/thumb/v7e-m+fp/hard/libcr_c.a(printf.o)
                0x0000000000006448                _vsnprintf
 .text._printf  0x00000000000064b0       0x54 /Applications/MCUXpressoIDE_11.4.0_6237/ide/plugins/com.nxp.mcuxpresso.tools.macosx_11.4.0.202103011116/tools/bin/../lib/gcc/arm-none-eabi/10.2.1/../../../../arm-none-eabi/lib/thumb/v7e-m+fp/hard/libcr_c.a(printf.o)
                0x00000000000064b0                _printf
 .text._sbrk    0x0000000000006504       0x3c /Applications/MCUXpressoIDE_11.4.0_6237/ide/plugins/com.nxp.mcuxpresso.tools.macosx_11.4.0.202103011116/tools/bin/../lib/gcc/arm-none-eabi/10.2.1/../../../../arm-none-eabi/lib/thumb/v7e-m+fp/hard/libcr_c.a(_cr_sbrk.o)
                0x0000000000006504                _sbrk
 .text._Cwritebuf
                0x0000000000006540       0x6c /Applications/MCUXpressoIDE_11.4.0_6237/ide/plugins/com.nxp.mcuxpresso.tools.macosx_11.4.0.202103011116/tools/bin/../lib/gcc/arm-none-eabi/10.2.1/../../../../arm-none-eabi/lib/thumb/v7e-m+fp/hard/libcr_c.a(_writebuf.o)
                0x0000000000006540                _Cwritebuf
 .text.fflush   0x00000000000065ac       0x3c /Applications/MCUXpressoIDE_11.4.0_6237/ide/plugins/com.nxp.mcuxpresso.tools.macosx_11.4.0.202103011116/tools/bin/../lib/gcc/arm-none-eabi/10.2.1/../../../../arm-none-eabi/lib/thumb/v7e-m+fp/hard/libcr_c.a(fflush.o)
                0x00000000000065ac                fflush
 .text.fseek    0x00000000000065e8      0x100 /Applications/MCUXpressoIDE_11.4.0_6237/ide/plugins/com.nxp.mcuxpresso.tools.macosx_11.4.0.202103011116/tools/bin/../lib/gcc/arm-none-eabi/10.2.1/../../../../arm-none-eabi/lib/thumb/v7e-m+fp/hard/libcr_c.a(fseek.o)
                0x00000000000065e8                fseek
 .text.ftell    0x00000000000066e8       0x44 /Applications/MCUXpressoIDE_11.4.0_6237/ide/plugins/com.nxp.mcuxpresso.tools.macosx_11.4.0.202103011116/tools/bin/../lib/gcc/arm-none-eabi/10.2.1/../../../../arm-none-eabi/lib/thumb/v7e-m+fp/hard/libcr_c.a(ftell.o)
                0x00000000000066e8                ftell
 .text.__check_heap_overflow
                0x000000000000672c       0x18 /Applications/MCUXpressoIDE_11.4.0_6237/ide/plugins/com.nxp.mcuxpresso.tools.macosx_11.4.0.202103011116/tools/bin/../lib/gcc/arm-none-eabi/10.2.1/../../../../arm-none-eabi/lib/thumb/v7e-m+fp/hard/libcr_c.a(_cr_check_heap.o)
                0x000000000000672c                __check_heap_overflow
 .text.__aeabi_dmul
                0x0000000000006744       0xfc /Applications/MCUXpressoIDE_11.4.0_6237/ide/plugins/com.nxp.mcuxpresso.tools.macosx_11.4.0.202103011116/tools/bin/../lib/gcc/arm-none-eabi/10.2.1/thumb/v7e-m+fp/hard/libcr_eabihelpers.a(double.o)
                0x0000000000006744                __aeabi_dmul
 .text.__aeabi_ddiv
                0x0000000000006840      0x138 /Applications/MCUXpressoIDE_11.4.0_6237/ide/plugins/com.nxp.mcuxpresso.tools.macosx_11.4.0.202103011116/tools/bin/../lib/gcc/arm-none-eabi/10.2.1/thumb/v7e-m+fp/hard/libcr_eabihelpers.a(double.o)
                0x0000000000006840                __aeabi_ddiv
 .text.__aeabi_dsub
                0x0000000000006978      0x1ac /Applications/MCUXpressoIDE_11.4.0_6237/ide/plugins/com.nxp.mcuxpresso.tools.macosx_11.4.0.202103011116/tools/bin/../lib/gcc/arm-none-eabi/10.2.1/thumb/v7e-m+fp/hard/libcr_eabihelpers.a(double.o)
                0x0000000000006978                __aeabi_dsub
 .text.__aeabi_dadd
                0x0000000000006b24      0x114 /Applications/MCUXpressoIDE_11.4.0_6237/ide/plugins/com.nxp.mcuxpresso.tools.macosx_11.4.0.202103011116/tools/bin/../lib/gcc/arm-none-eabi/10.2.1/thumb/v7e-m+fp/hard/libcr_eabihelpers.a(double.o)
                0x0000000000006b24                __aeabi_dadd
 .text.__aeabi_d2f
                0x0000000000006c38       0x58 /Applications/MCUXpressoIDE_11.4.0_6237/ide/plugins/com.nxp.mcuxpresso.tools.macosx_11.4.0.202103011116/tools/bin/../lib/gcc/arm-none-eabi/10.2.1/thumb/v7e-m+fp/hard/libcr_eabihelpers.a(double.o)
                0x0000000000006c38                __aeabi_d2f
 .text.__aeabi_f2d
                0x0000000000006c90       0x38 /Applications/MCUXpressoIDE_11.4.0_6237/ide/plugins/com.nxp.mcuxpresso.tools.macosx_11.4.0.202103011116/tools/bin/../lib/gcc/arm-none-eabi/10.2.1/thumb/v7e-m+fp/hard/libcr_eabihelpers.a(float.o)
                0x0000000000006c90                __aeabi_f2d
 .text.__sys_appexit
                0x0000000000006cc8        0xc /Applications/MCUXpressoIDE_11.4.0_6237/ide/plugins/com.nxp.mcuxpresso.tools.macosx_11.4.0.202103011116/tools/bin/../lib/gcc/arm-none-eabi/10.2.1/../../../../arm-none-eabi/lib/thumb/v7e-m+fp/hard/libcr_semihost_nf.a(__sys_appexit.o)
                0x0000000000006cc8                __exit
                0x0000000000006cc8                __sys_appexit
 .text.DMA0_IRQHandler
                0x0000000000006cd4        0x8 ./startup/startup_mk64f12.o
                0x0000000000006cd4                DMA0_IRQHandler
 .text.DMA1_IRQHandler
                0x0000000000006cdc        0x8 ./startup/startup_mk64f12.o
                0x0000000000006cdc                DMA1_IRQHandler
 .text.DMA2_IRQHandler
                0x0000000000006ce4        0x8 ./startup/startup_mk64f12.o
                0x0000000000006ce4                DMA2_IRQHandler
 .text.DMA3_IRQHandler
                0x0000000000006cec        0x8 ./startup/startup_mk64f12.o
                0x0000000000006cec                DMA3_IRQHandler
 .text.DMA4_IRQHandler
                0x0000000000006cf4        0x8 ./startup/startup_mk64f12.o
                0x0000000000006cf4                DMA4_IRQHandler
 .text.DMA5_IRQHandler
                0x0000000000006cfc        0x8 ./startup/startup_mk64f12.o
                0x0000000000006cfc                DMA5_IRQHandler
 .text.DMA6_IRQHandler
                0x0000000000006d04        0x8 ./startup/startup_mk64f12.o
                0x0000000000006d04                DMA6_IRQHandler
 .text.DMA7_IRQHandler
                0x0000000000006d0c        0x8 ./startup/startup_mk64f12.o
                0x0000000000006d0c                DMA7_IRQHandler
 .text.DMA8_IRQHandler
                0x0000000000006d14        0x8 ./startup/startup_mk64f12.o
                0x0000000000006d14                DMA8_IRQHandler
 .text.DMA9_IRQHandler
                0x0000000000006d1c        0x8 ./startup/startup_mk64f12.o
                0x0000000000006d1c                DMA9_IRQHandler
 .text.DMA10_IRQHandler
                0x0000000000006d24        0x8 ./startup/startup_mk64f12.o
                0x0000000000006d24                DMA10_IRQHandler
 .text.DMA11_IRQHandler
                0x0000000000006d2c        0x8 ./startup/startup_mk64f12.o
                0x0000000000006d2c                DMA11_IRQHandler
 .text.DMA12_IRQHandler
                0x0000000000006d34        0x8 ./startup/startup_mk64f12.o
                0x0000000000006d34                DMA12_IRQHandler
 .text.DMA13_IRQHandler
                0x0000000000006d3c        0x8 ./startup/startup_mk64f12.o
                0x0000000000006d3c                DMA13_IRQHandler
 .text.DMA14_IRQHandler
                0x0000000000006d44        0x8 ./startup/startup_mk64f12.o
                0x0000000000006d44                DMA14_IRQHandler
 .text.DMA15_IRQHandler
                0x0000000000006d4c        0x8 ./startup/startup_mk64f12.o
                0x0000000000006d4c                DMA15_IRQHandler
 .text.DMA_Error_IRQHandler
                0x0000000000006d54        0x8 ./startup/startup_mk64f12.o
                0x0000000000006d54                DMA_Error_IRQHandler
 .text.MCM_IRQHandler
                0x0000000000006d5c        0x8 ./startup/startup_mk64f12.o
                0x0000000000006d5c                MCM_IRQHandler
 .text.FTFE_IRQHandler
                0x0000000000006d64        0x8 ./startup/startup_mk64f12.o
                0x0000000000006d64                FTFE_IRQHandler
 .text.Read_Collision_IRQHandler
                0x0000000000006d6c        0x8 ./startup/startup_mk64f12.o
                0x0000000000006d6c                Read_Collision_IRQHandler
 .text.LVD_LVW_IRQHandler
                0x0000000000006d74        0x8 ./startup/startup_mk64f12.o
                0x0000000000006d74                LVD_LVW_IRQHandler
 .text.LLWU_IRQHandler
                0x0000000000006d7c        0x8 ./startup/startup_mk64f12.o
                0x0000000000006d7c                LLWU_IRQHandler
 .text.WDOG_EWM_IRQHandler
                0x0000000000006d84        0x8 ./startup/startup_mk64f12.o
                0x0000000000006d84                WDOG_EWM_IRQHandler
 .text.RNG_IRQHandler
                0x0000000000006d8c        0x8 ./startup/startup_mk64f12.o
                0x0000000000006d8c                RNG_IRQHandler
 .text.I2C0_IRQHandler
                0x0000000000006d94        0x8 ./startup/startup_mk64f12.o
                0x0000000000006d94                I2C0_IRQHandler
 .text.I2C1_IRQHandler
                0x0000000000006d9c        0x8 ./startup/startup_mk64f12.o
                0x0000000000006d9c                I2C1_IRQHandler
 .text.SPI0_IRQHandler
                0x0000000000006da4        0x8 ./startup/startup_mk64f12.o
                0x0000000000006da4                SPI0_IRQHandler
 .text.SPI1_IRQHandler
                0x0000000000006dac        0x8 ./startup/startup_mk64f12.o
                0x0000000000006dac                SPI1_IRQHandler
 .text.I2S0_Tx_IRQHandler
                0x0000000000006db4        0x8 ./startup/startup_mk64f12.o
                0x0000000000006db4                I2S0_Tx_IRQHandler
 .text.I2S0_Rx_IRQHandler
                0x0000000000006dbc        0x8 ./startup/startup_mk64f12.o
                0x0000000000006dbc                I2S0_Rx_IRQHandler
 .text.UART0_LON_IRQHandler
                0x0000000000006dc4        0x8 ./startup/startup_mk64f12.o
                0x0000000000006dc4                UART0_LON_IRQHandler
 .text.UART0_RX_TX_IRQHandler
                0x0000000000006dcc        0x8 ./startup/startup_mk64f12.o
                0x0000000000006dcc                UART0_RX_TX_IRQHandler
 .text.UART0_ERR_IRQHandler
                0x0000000000006dd4        0x8 ./startup/startup_mk64f12.o
                0x0000000000006dd4                UART0_ERR_IRQHandler
 .text.UART1_RX_TX_IRQHandler
                0x0000000000006ddc        0x8 ./startup/startup_mk64f12.o
                0x0000000000006ddc                UART1_RX_TX_IRQHandler
 .text.UART1_ERR_IRQHandler
                0x0000000000006de4        0x8 ./startup/startup_mk64f12.o
                0x0000000000006de4                UART1_ERR_IRQHandler
 .text.UART2_RX_TX_IRQHandler
                0x0000000000006dec        0x8 ./startup/startup_mk64f12.o
                0x0000000000006dec                UART2_RX_TX_IRQHandler
 .text.UART2_ERR_IRQHandler
                0x0000000000006df4        0x8 ./startup/startup_mk64f12.o
                0x0000000000006df4                UART2_ERR_IRQHandler
 .text.UART3_RX_TX_IRQHandler
                0x0000000000006dfc        0x8 ./startup/startup_mk64f12.o
                0x0000000000006dfc                UART3_RX_TX_IRQHandler
 .text.UART3_ERR_IRQHandler
                0x0000000000006e04        0x8 ./startup/startup_mk64f12.o
                0x0000000000006e04                UART3_ERR_IRQHandler
 .text.ADC0_IRQHandler
                0x0000000000006e0c        0x8 ./startup/startup_mk64f12.o
                0x0000000000006e0c                ADC0_IRQHandler
 .text.CMP0_IRQHandler
                0x0000000000006e14        0x8 ./startup/startup_mk64f12.o
                0x0000000000006e14                CMP0_IRQHandler
 .text.CMP1_IRQHandler
                0x0000000000006e1c        0x8 ./startup/startup_mk64f12.o
                0x0000000000006e1c                CMP1_IRQHandler
 .text.FTM0_IRQHandler
                0x0000000000006e24        0x8 ./startup/startup_mk64f12.o
                0x0000000000006e24                FTM0_IRQHandler
 .text.FTM1_IRQHandler
                0x0000000000006e2c        0x8 ./startup/startup_mk64f12.o
                0x0000000000006e2c                FTM1_IRQHandler
 .text.FTM2_IRQHandler
                0x0000000000006e34        0x8 ./startup/startup_mk64f12.o
                0x0000000000006e34                FTM2_IRQHandler
 .text.CMT_IRQHandler
                0x0000000000006e3c        0x8 ./startup/startup_mk64f12.o
                0x0000000000006e3c                CMT_IRQHandler
 .text.RTC_IRQHandler
                0x0000000000006e44        0x8 ./startup/startup_mk64f12.o
                0x0000000000006e44                RTC_IRQHandler
 .text.RTC_Seconds_IRQHandler
                0x0000000000006e4c        0x8 ./startup/startup_mk64f12.o
                0x0000000000006e4c                RTC_Seconds_IRQHandler
 .text.PIT0_IRQHandler
                0x0000000000006e54        0x8 ./startup/startup_mk64f12.o
                0x0000000000006e54                PIT0_IRQHandler
 .text.PIT1_IRQHandler
                0x0000000000006e5c        0x8 ./startup/startup_mk64f12.o
                0x0000000000006e5c                PIT1_IRQHandler
 .text.PIT2_IRQHandler
                0x0000000000006e64        0x8 ./startup/startup_mk64f12.o
                0x0000000000006e64                PIT2_IRQHandler
 .text.PIT3_IRQHandler
                0x0000000000006e6c        0x8 ./startup/startup_mk64f12.o
                0x0000000000006e6c                PIT3_IRQHandler
 .text.PDB0_IRQHandler
                0x0000000000006e74        0x8 ./startup/startup_mk64f12.o
                0x0000000000006e74                PDB0_IRQHandler
 .text.USB0_IRQHandler
                0x0000000000006e7c        0x8 ./startup/startup_mk64f12.o
                0x0000000000006e7c                USB0_IRQHandler
 .text.USBDCD_IRQHandler
                0x0000000000006e84        0x8 ./startup/startup_mk64f12.o
                0x0000000000006e84                USBDCD_IRQHandler
 .text.Reserved71_IRQHandler
                0x0000000000006e8c        0x8 ./startup/startup_mk64f12.o
                0x0000000000006e8c                Reserved71_IRQHandler
 .text.DAC0_IRQHandler
                0x0000000000006e94        0x8 ./startup/startup_mk64f12.o
                0x0000000000006e94                DAC0_IRQHandler
 .text.MCG_IRQHandler
                0x0000000000006e9c        0x8 ./startup/startup_mk64f12.o
                0x0000000000006e9c                MCG_IRQHandler
 .text.LPTMR0_IRQHandler
                0x0000000000006ea4        0x8 ./startup/startup_mk64f12.o
                0x0000000000006ea4                LPTMR0_IRQHandler
 .text.PORTA_IRQHandler
                0x0000000000006eac        0x8 ./startup/startup_mk64f12.o
                0x0000000000006eac                PORTA_IRQHandler
 .text.PORTB_IRQHandler
                0x0000000000006eb4        0x8 ./startup/startup_mk64f12.o
                0x0000000000006eb4                PORTB_IRQHandler
 .text.PORTC_IRQHandler
                0x0000000000006ebc        0x8 ./startup/startup_mk64f12.o
                0x0000000000006ebc                PORTC_IRQHandler
 .text.PORTD_IRQHandler
                0x0000000000006ec4        0x8 ./startup/startup_mk64f12.o
                0x0000000000006ec4                PORTD_IRQHandler
 .text.PORTE_IRQHandler
                0x0000000000006ecc        0x8 ./startup/startup_mk64f12.o
                0x0000000000006ecc                PORTE_IRQHandler
 .text.SWI_IRQHandler
                0x0000000000006ed4        0x8 ./startup/startup_mk64f12.o
                0x0000000000006ed4                SWI_IRQHandler
 .text.SPI2_IRQHandler
                0x0000000000006edc        0x8 ./startup/startup_mk64f12.o
                0x0000000000006edc                SPI2_IRQHandler
 .text.UART4_RX_TX_IRQHandler
                0x0000000000006ee4        0x8 ./startup/startup_mk64f12.o
                0x0000000000006ee4                UART4_RX_TX_IRQHandler
 .text.UART4_ERR_IRQHandler
                0x0000000000006eec        0x8 ./startup/startup_mk64f12.o
                0x0000000000006eec                UART4_ERR_IRQHandler
 .text.UART5_RX_TX_IRQHandler
                0x0000000000006ef4        0x8 ./startup/startup_mk64f12.o
                0x0000000000006ef4                UART5_RX_TX_IRQHandler
 .text.UART5_ERR_IRQHandler
                0x0000000000006efc        0x8 ./startup/startup_mk64f12.o
                0x0000000000006efc                UART5_ERR_IRQHandler
 .text.CMP2_IRQHandler
                0x0000000000006f04        0x8 ./startup/startup_mk64f12.o
                0x0000000000006f04                CMP2_IRQHandler
 .text.FTM3_IRQHandler
                0x0000000000006f0c        0x8 ./startup/startup_mk64f12.o
                0x0000000000006f0c                FTM3_IRQHandler
 .text.DAC1_IRQHandler
                0x0000000000006f14        0x8 ./startup/startup_mk64f12.o
                0x0000000000006f14                DAC1_IRQHandler
 .text.ADC1_IRQHandler
                0x0000000000006f1c        0x8 ./startup/startup_mk64f12.o
                0x0000000000006f1c                ADC1_IRQHandler
 .text.I2C2_IRQHandler
                0x0000000000006f24        0x8 ./startup/startup_mk64f12.o
                0x0000000000006f24                I2C2_IRQHandler
 .text.CAN0_ORed_Message_buffer_IRQHandler
                0x0000000000006f2c        0x8 ./startup/startup_mk64f12.o
                0x0000000000006f2c                CAN0_ORed_Message_buffer_IRQHandler
 .text.CAN0_Bus_Off_IRQHandler
                0x0000000000006f34        0x8 ./startup/startup_mk64f12.o
                0x0000000000006f34                CAN0_Bus_Off_IRQHandler
 .text.CAN0_Error_IRQHandler
                0x0000000000006f3c        0x8 ./startup/startup_mk64f12.o
                0x0000000000006f3c                CAN0_Error_IRQHandler
 .text.CAN0_Tx_Warning_IRQHandler
                0x0000000000006f44        0x8 ./startup/startup_mk64f12.o
                0x0000000000006f44                CAN0_Tx_Warning_IRQHandler
 .text.CAN0_Rx_Warning_IRQHandler
                0x0000000000006f4c        0x8 ./startup/startup_mk64f12.o
                0x0000000000006f4c                CAN0_Rx_Warning_IRQHandler
 .text.CAN0_Wake_Up_IRQHandler
                0x0000000000006f54        0x8 ./startup/startup_mk64f12.o
                0x0000000000006f54                CAN0_Wake_Up_IRQHandler
 .text.SDHC_IRQHandler
                0x0000000000006f5c        0x8 ./startup/startup_mk64f12.o
                0x0000000000006f5c                SDHC_IRQHandler
 .text.ENET_1588_Timer_IRQHandler
                0x0000000000006f64        0x8 ./startup/startup_mk64f12.o
                0x0000000000006f64                ENET_1588_Timer_IRQHandler
 .text.ENET_Transmit_IRQHandler
                0x0000000000006f6c        0x8 ./startup/startup_mk64f12.o
                0x0000000000006f6c                ENET_Transmit_IRQHandler
 .text.ENET_Receive_IRQHandler
                0x0000000000006f74        0x8 ./startup/startup_mk64f12.o
                0x0000000000006f74                ENET_Receive_IRQHandler
 .text.ENET_Error_IRQHandler
                0x0000000000006f7c        0x8 ./startup/startup_mk64f12.o
                0x0000000000006f7c                ENET_Error_IRQHandler
 .text.reset_sim
                0x0000000000006f84       0x16 ./source/freertos_uart.o
                0x0000000000006f84                reset_sim
 .text.parse_response
                0x0000000000006f9a       0x26 ./source/freertos_uart.o
                0x0000000000006f9a                parse_response
 .text.reverse  0x0000000000006fc0       0x5e ./source/freertos_uart.o
                0x0000000000006fc0                reverse
 .text.HardFault_Handler
                0x000000000000701e       0x2c ./source/semihost_hardfault.o
                0x000000000000701e                HardFault_Handler
 .text.xEventGroupCreate
                0x000000000000704a       0x2e ./freertos/freertos_kernel/event_groups.o
                0x000000000000704a                xEventGroupCreate
 .text.xEventGroupSetBits
                0x0000000000007078      0x116 ./freertos/freertos_kernel/event_groups.o
                0x0000000000007078                xEventGroupSetBits
 .text.vEventGroupDelete
                0x000000000000718e       0x62 ./freertos/freertos_kernel/event_groups.o
                0x000000000000718e                vEventGroupDelete
 .text.vEventGroupSetBitsCallback
                0x00000000000071f0       0x1a ./freertos/freertos_kernel/event_groups.o
                0x00000000000071f0                vEventGroupSetBitsCallback
 .text.prvTestWaitCondition
                0x000000000000720a       0x44 ./freertos/freertos_kernel/event_groups.o
 .text.vListInitialise
                0x000000000000724e       0x40 ./freertos/freertos_kernel/list.o
                0x000000000000724e                vListInitialise
 .text.vListInitialiseItem
                0x000000000000728e       0x1a ./freertos/freertos_kernel/list.o
                0x000000000000728e                vListInitialiseItem
 .text.vListInsertEnd
                0x00000000000072a8       0x48 ./freertos/freertos_kernel/list.o
                0x00000000000072a8                vListInsertEnd
 .text.vListInsert
                0x00000000000072f0       0x72 ./freertos/freertos_kernel/list.o
                0x00000000000072f0                vListInsert
 .text.uxListRemove
                0x0000000000007362       0x54 ./freertos/freertos_kernel/list.o
                0x0000000000007362                uxListRemove
 .text.xQueueGenericCreate
                0x00000000000073b6       0xbe ./freertos/freertos_kernel/queue.o
                0x00000000000073b6                xQueueGenericCreate
 .text.prvInitialiseNewQueue
                0x0000000000007474       0x46 ./freertos/freertos_kernel/queue.o
 .text.prvInitialiseMutex
                0x00000000000074ba       0x34 ./freertos/freertos_kernel/queue.o
 .text.xQueueCreateMutex
                0x00000000000074ee       0x30 ./freertos/freertos_kernel/queue.o
                0x00000000000074ee                xQueueCreateMutex
 .text.xQueueGenericSendFromISR
                0x000000000000751e      0x154 ./freertos/freertos_kernel/queue.o
                0x000000000000751e                xQueueGenericSendFromISR
 .text.vQueueDelete
                0x0000000000007672       0x3c ./freertos/freertos_kernel/queue.o
                0x0000000000007672                vQueueDelete
 .text.prvGetDisinheritPriorityAfterTimeout
                0x00000000000076ae       0x30 ./freertos/freertos_kernel/queue.o
 .text.prvCopyDataToQueue
                0x00000000000076de       0xd4 ./freertos/freertos_kernel/queue.o
 .text.prvCopyDataFromQueue
                0x00000000000077b2       0x4c ./freertos/freertos_kernel/queue.o
 .text.prvUnlockQueue
                0x00000000000077fe       0xa4 ./freertos/freertos_kernel/queue.o
 .text.prvIsQueueEmpty
                0x00000000000078a2       0x2c ./freertos/freertos_kernel/queue.o
 .text.prvIsQueueFull
                0x00000000000078ce       0x30 ./freertos/freertos_kernel/queue.o
 .text.vQueueWaitForMessageRestricted
                0x00000000000078fe       0x68 ./freertos/freertos_kernel/queue.o
                0x00000000000078fe                vQueueWaitForMessageRestricted
 .text.xTaskCreate
                0x0000000000007966       0x82 ./freertos/freertos_kernel/tasks.o
                0x0000000000007966                xTaskCreate
 .text.prvInitialiseNewTask
                0x00000000000079e8      0x140 ./freertos/freertos_kernel/tasks.o
 .text.prvDeleteTCB
                0x0000000000007b28       0x20 ./freertos/freertos_kernel/tasks.o
 .text.prvTimerTask
                0x0000000000007b48       0x24 ./freertos/freertos_kernel/timers.o
 .text.UART_EnableTx
                0x0000000000007b6c       0x40 ./drivers/freertos/fsl_uart_freertos.o
 .text.UART_EnableRx
                0x0000000000007bac       0x40 ./drivers/freertos/fsl_uart_freertos.o
 .text.UART_RTOS_Send
                0x0000000000007bec       0xc4 ./drivers/freertos/fsl_uart_freertos.o
                0x0000000000007bec                UART_RTOS_Send
 .text.OSC_SetExtRefClkConfig
                0x0000000000007cb0       0x34 ./drivers/fsl_clock.o
 .text.OSC_SetCapLoad
                0x0000000000007ce4       0x34 ./drivers/fsl_clock.o
 .text.CLOCK_GetPll0RefFreq
                0x0000000000007d18        0xe ./drivers/fsl_clock.o
 .text.CLOCK_GetFixedFreqClkFreq
                0x0000000000007d26       0x34 ./drivers/fsl_clock.o
                0x0000000000007d26                CLOCK_GetFixedFreqClkFreq
 .text.CLOCK_EnableClock
                0x0000000000007d5a       0x34 ./drivers/fsl_uart.o
 .text.EnableIRQ
                0x0000000000007d8e       0x32 ./drivers/fsl_uart.o
 .text.DisableGlobalIRQ
                0x0000000000007dc0       0x22 ./drivers/fsl_uart.o
 .text.EnableGlobalIRQ
                0x0000000000007de2       0x20 ./drivers/fsl_uart.o
 .text.UART_GetStatusFlags
                0x0000000000007e02       0x48 ./drivers/fsl_uart.o
                0x0000000000007e02                UART_GetStatusFlags
 .text.UART_ClearStatusFlags
                0x0000000000007e4a       0x80 ./drivers/fsl_uart.o
                0x0000000000007e4a                UART_ClearStatusFlags
 .text.UART0_RX_TX_DriverIRQHandler
                0x0000000000007eca       0x12 ./drivers/fsl_uart.o
                0x0000000000007eca                UART0_RX_TX_DriverIRQHandler
 .text.UART1_RX_TX_DriverIRQHandler
                0x0000000000007edc       0x12 ./drivers/fsl_uart.o
                0x0000000000007edc                UART1_RX_TX_DriverIRQHandler
 .text.UART2_RX_TX_DriverIRQHandler
                0x0000000000007eee       0x12 ./drivers/fsl_uart.o
                0x0000000000007eee                UART2_RX_TX_DriverIRQHandler
 .text.UART3_RX_TX_DriverIRQHandler
                0x0000000000007f00       0x12 ./drivers/fsl_uart.o
                0x0000000000007f00                UART3_RX_TX_DriverIRQHandler
 .text.UART4_RX_TX_DriverIRQHandler
                0x0000000000007f12       0x12 ./drivers/fsl_uart.o
                0x0000000000007f12                UART4_RX_TX_DriverIRQHandler
 .text.UART5_RX_TX_DriverIRQHandler
                0x0000000000007f24       0x12 ./drivers/fsl_uart.o
                0x0000000000007f24                UART5_RX_TX_DriverIRQHandler
 .text.SystemInitHook
                0x0000000000007f36        0xe ./device/system_MK64F12.o
                0x0000000000007f36                SystemInitHook
 .text.BOARD_InitBootClocks
                0x0000000000007f44        0xc ./board/clock_config.o
                0x0000000000007f44                BOARD_InitBootClocks
 .text.BOARD_InitPeripherals
                0x0000000000007f50        0xc ./board/peripherals.o
                0x0000000000007f50                BOARD_InitPeripherals
 .text.BOARD_InitBootPeripherals
                0x0000000000007f5c        0xc ./board/peripherals.o
                0x0000000000007f5c                BOARD_InitBootPeripherals
 .text.CLOCK_EnableClock
                0x0000000000007f68       0x34 ./board/pin_mux.o
 .text.PORT_SetPinMux
                0x0000000000007f9c       0x3a ./board/pin_mux.o
 .text.BOARD_InitBootPins
                0x0000000000007fd6        0xc ./board/pin_mux.o
                0x0000000000007fd6                BOARD_InitBootPins
 .text.__main   0x0000000000007fe2        0xe /Applications/MCUXpressoIDE_11.4.0_6237/ide/plugins/com.nxp.mcuxpresso.tools.macosx_11.4.0.202103011116/tools/bin/../lib/gcc/arm-none-eabi/10.2.1/../../../../arm-none-eabi/lib/thumb/v7e-m+fp/hard/libcr_semihost_nf.a(_cr__main.o)
                0x0000000000007fe2                __main
                0x0000000000007fe2                __CR_SEMIHOST
 .text.memcpy   0x0000000000007ff0        0x4 /Applications/MCUXpressoIDE_11.4.0_6237/ide/plugins/com.nxp.mcuxpresso.tools.macosx_11.4.0.202103011116/tools/bin/../lib/gcc/arm-none-eabi/10.2.1/../../../../arm-none-eabi/lib/thumb/v7e-m+fp/hard/libcr_c.a(memcpy.o)
                0x0000000000007ff0                memcpy
 .text.memset   0x0000000000007ff4        0x4 /Applications/MCUXpressoIDE_11.4.0_6237/ide/plugins/com.nxp.mcuxpresso.tools.macosx_11.4.0.202103011116/tools/bin/../lib/gcc/arm-none-eabi/10.2.1/../../../../arm-none-eabi/lib/thumb/v7e-m+fp/hard/libcr_c.a(memset.o)
                0x0000000000007ff4                memset
 .text.free     0x0000000000007ff8       0x30 /Applications/MCUXpressoIDE_11.4.0_6237/ide/plugins/com.nxp.mcuxpresso.tools.macosx_11.4.0.202103011116/tools/bin/../lib/gcc/arm-none-eabi/10.2.1/../../../../arm-none-eabi/lib/thumb/v7e-m+fp/hard/libcr_c.a(alloc.o)
                0x0000000000007ff8                free
 .text.no_fp_display
                0x0000000000008028        0x4 /Applications/MCUXpressoIDE_11.4.0_6237/ide/plugins/com.nxp.mcuxpresso.tools.macosx_11.4.0.202103011116/tools/bin/../lib/gcc/arm-none-eabi/10.2.1/../../../../arm-none-eabi/lib/thumb/v7e-m+fp/hard/libcr_c.a(printf.o)
 .text.setvbuf  0x000000000000802c       0x3e /Applications/MCUXpressoIDE_11.4.0_6237/ide/plugins/com.nxp.mcuxpresso.tools.macosx_11.4.0.202103011116/tools/bin/../lib/gcc/arm-none-eabi/10.2.1/../../../../arm-none-eabi/lib/thumb/v7e-m+fp/hard/libcr_c.a(setvbuf.o)
                0x000000000000802c                setvbuf
 .text.strcat   0x000000000000806a       0x1e /Applications/MCUXpressoIDE_11.4.0_6237/ide/plugins/com.nxp.mcuxpresso.tools.macosx_11.4.0.202103011116/tools/bin/../lib/gcc/arm-none-eabi/10.2.1/../../../../arm-none-eabi/lib/thumb/v7e-m+fp/hard/libcr_c.a(strcat.o)
                0x000000000000806a                strcat
 .text.strlen   0x0000000000008088       0x48 /Applications/MCUXpressoIDE_11.4.0_6237/ide/plugins/com.nxp.mcuxpresso.tools.macosx_11.4.0.202103011116/tools/bin/../lib/gcc/arm-none-eabi/10.2.1/../../../../arm-none-eabi/lib/thumb/v7e-m+fp/hard/libcr_c.a(strlen.o)
                0x0000000000008088                strlen
 .text.strstr   0x00000000000080d0       0x20 /Applications/MCUXpressoIDE_11.4.0_6237/ide/plugins/com.nxp.mcuxpresso.tools.macosx_11.4.0.202103011116/tools/bin/../lib/gcc/arm-none-eabi/10.2.1/../../../../arm-none-eabi/lib/thumb/v7e-m+fp/hard/libcr_c.a(strstr.o)
                0x00000000000080d0                strstr
 .text._deferredlazyseek
                0x00000000000080f0       0x40 /Applications/MCUXpressoIDE_11.4.0_6237/ide/plugins/com.nxp.mcuxpresso.tools.macosx_11.4.0.202103011116/tools/bin/../lib/gcc/arm-none-eabi/10.2.1/../../../../arm-none-eabi/lib/thumb/v7e-m+fp/hard/libcr_c.a(_deferredlazyseek.o)
                0x00000000000080f0                _deferredlazyseek
 .text.__flsbuf
                0x0000000000008130      0x140 /Applications/MCUXpressoIDE_11.4.0_6237/ide/plugins/com.nxp.mcuxpresso.tools.macosx_11.4.0.202103011116/tools/bin/../lib/gcc/arm-none-eabi/10.2.1/../../../../arm-none-eabi/lib/thumb/v7e-m+fp/hard/libcr_c.a(_deferredlazyseek.o)
                0x0000000000008130                __flsbuf
 .text._fdopen  0x0000000000008270       0x68 /Applications/MCUXpressoIDE_11.4.0_6237/ide/plugins/com.nxp.mcuxpresso.tools.macosx_11.4.0.202103011116/tools/bin/../lib/gcc/arm-none-eabi/10.2.1/../../../../arm-none-eabi/lib/thumb/v7e-m+fp/hard/libcr_c.a(_fdopen.o)
                0x0000000000008270                _fdopen
 .text._fflush  0x00000000000082d8       0x52 /Applications/MCUXpressoIDE_11.4.0_6237/ide/plugins/com.nxp.mcuxpresso.tools.macosx_11.4.0.202103011116/tools/bin/../lib/gcc/arm-none-eabi/10.2.1/../../../../arm-none-eabi/lib/thumb/v7e-m+fp/hard/libcr_c.a(_fflush.o)
                0x00000000000082d8                _fflush
 .text.fclose   0x000000000000832a       0x58 /Applications/MCUXpressoIDE_11.4.0_6237/ide/plugins/com.nxp.mcuxpresso.tools.macosx_11.4.0.202103011116/tools/bin/../lib/gcc/arm-none-eabi/10.2.1/../../../../arm-none-eabi/lib/thumb/v7e-m+fp/hard/libcr_c.a(fclose.o)
                0x000000000000832a                fclose
 .text.remove   0x0000000000008382       0x14 /Applications/MCUXpressoIDE_11.4.0_6237/ide/plugins/com.nxp.mcuxpresso.tools.macosx_11.4.0.202103011116/tools/bin/../lib/gcc/arm-none-eabi/10.2.1/../../../../arm-none-eabi/lib/thumb/v7e-m+fp/hard/libcr_c.a(remove.o)
                0x0000000000008382                remove
 .text._do_fflush
                0x0000000000008396       0x40 /Applications/MCUXpressoIDE_11.4.0_6237/ide/plugins/com.nxp.mcuxpresso.tools.macosx_11.4.0.202103011116/tools/bin/../lib/gcc/arm-none-eabi/10.2.1/../../../../arm-none-eabi/lib/thumb/v7e-m+fp/hard/libcr_c.a(_do_fflush.o)
                0x0000000000008396                _do_fflush
 .text.__aeabi_d2iz
                0x00000000000083d6       0x40 /Applications/MCUXpressoIDE_11.4.0_6237/ide/plugins/com.nxp.mcuxpresso.tools.macosx_11.4.0.202103011116/tools/bin/../lib/gcc/arm-none-eabi/10.2.1/thumb/v7e-m+fp/hard/libcr_eabihelpers.a(double.o)
                0x00000000000083d6                __aeabi_d2iz
 .text.__bhs_ui2d
                0x0000000000008416       0x46 /Applications/MCUXpressoIDE_11.4.0_6237/ide/plugins/com.nxp.mcuxpresso.tools.macosx_11.4.0.202103011116/tools/bin/../lib/gcc/arm-none-eabi/10.2.1/thumb/v7e-m+fp/hard/libcr_eabihelpers.a(double.o)
                0x0000000000008416                __bhs_ui2d
 .text.__aeabi_i2d
                0x000000000000845c       0x12 /Applications/MCUXpressoIDE_11.4.0_6237/ide/plugins/com.nxp.mcuxpresso.tools.macosx_11.4.0.202103011116/tools/bin/../lib/gcc/arm-none-eabi/10.2.1/thumb/v7e-m+fp/hard/libcr_eabihelpers.a(double.o)
                0x000000000000845c                __aeabi_i2d
 .text.__aeabi_dcmpeq
                0x000000000000846e       0x30 /Applications/MCUXpressoIDE_11.4.0_6237/ide/plugins/com.nxp.mcuxpresso.tools.macosx_11.4.0.202103011116/tools/bin/../lib/gcc/arm-none-eabi/10.2.1/thumb/v7e-m+fp/hard/libcr_eabihelpers.a(double.o)
                0x000000000000846e                __aeabi_dcmpeq
 .text.__aeabi_dcmplt
                0x000000000000849e       0x56 /Applications/MCUXpressoIDE_11.4.0_6237/ide/plugins/com.nxp.mcuxpresso.tools.macosx_11.4.0.202103011116/tools/bin/../lib/gcc/arm-none-eabi/10.2.1/thumb/v7e-m+fp/hard/libcr_eabihelpers.a(double.o)
                0x000000000000849e                __aeabi_dcmplt
 .text.__aeabi_dcmpgt
                0x00000000000084f4       0x56 /Applications/MCUXpressoIDE_11.4.0_6237/ide/plugins/com.nxp.mcuxpresso.tools.macosx_11.4.0.202103011116/tools/bin/../lib/gcc/arm-none-eabi/10.2.1/thumb/v7e-m+fp/hard/libcr_eabihelpers.a(double.o)
                0x00000000000084f4                __aeabi_dcmpgt
 .text.__aeabi_dcmple
                0x000000000000854a       0x56 /Applications/MCUXpressoIDE_11.4.0_6237/ide/plugins/com.nxp.mcuxpresso.tools.macosx_11.4.0.202103011116/tools/bin/../lib/gcc/arm-none-eabi/10.2.1/thumb/v7e-m+fp/hard/libcr_eabihelpers.a(double.o)
                0x000000000000854a                __aeabi_dcmple
 .text.__aeabi_dcmpge
                0x00000000000085a0       0x56 /Applications/MCUXpressoIDE_11.4.0_6237/ide/plugins/com.nxp.mcuxpresso.tools.macosx_11.4.0.202103011116/tools/bin/../lib/gcc/arm-none-eabi/10.2.1/thumb/v7e-m+fp/hard/libcr_eabihelpers.a(double.o)
                0x00000000000085a0                __aeabi_dcmpge
 .text.__aeabi_memcpy
                0x00000000000085f6       0x34 /Applications/MCUXpressoIDE_11.4.0_6237/ide/plugins/com.nxp.mcuxpresso.tools.macosx_11.4.0.202103011116/tools/bin/../lib/gcc/arm-none-eabi/10.2.1/thumb/v7e-m+fp/hard/libcr_eabihelpers.a(memcpy.o)
                0x00000000000085f6                __aeabi_memcpy
                0x0000000000008600                __aeabi_memcpy4
                0x0000000000008600                __aeabi_memcpy8
 .text.__aeabi_memset_lowlevel
                0x000000000000862a       0x32 /Applications/MCUXpressoIDE_11.4.0_6237/ide/plugins/com.nxp.mcuxpresso.tools.macosx_11.4.0.202103011116/tools/bin/../lib/gcc/arm-none-eabi/10.2.1/thumb/v7e-m+fp/hard/libcr_eabihelpers.a(memcpy.o)
                0x000000000000862a                __aeabi_lowlevel_memset
 .text.__sys_close
                0x000000000000865c        0xc /Applications/MCUXpressoIDE_11.4.0_6237/ide/plugins/com.nxp.mcuxpresso.tools.macosx_11.4.0.202103011116/tools/bin/../lib/gcc/arm-none-eabi/10.2.1/../../../../arm-none-eabi/lib/thumb/v7e-m+fp/hard/libcr_semihost_nf.a(__sys_close.o)
                0x000000000000865c                __sys_close
 .text.__sys_flen
                0x0000000000008668        0xc /Applications/MCUXpressoIDE_11.4.0_6237/ide/plugins/com.nxp.mcuxpresso.tools.macosx_11.4.0.202103011116/tools/bin/../lib/gcc/arm-none-eabi/10.2.1/../../../../arm-none-eabi/lib/thumb/v7e-m+fp/hard/libcr_semihost_nf.a(__sys_flen.o)
                0x0000000000008668                __sys_flen
 .text.__sys_istty
                0x0000000000008674        0xc /Applications/MCUXpressoIDE_11.4.0_6237/ide/plugins/com.nxp.mcuxpresso.tools.macosx_11.4.0.202103011116/tools/bin/../lib/gcc/arm-none-eabi/10.2.1/../../../../arm-none-eabi/lib/thumb/v7e-m+fp/hard/libcr_semihost_nf.a(__sys_istty.o)
                0x0000000000008674                __sys_istty
 .text.__sys_remove
                0x0000000000008680        0xc /Applications/MCUXpressoIDE_11.4.0_6237/ide/plugins/com.nxp.mcuxpresso.tools.macosx_11.4.0.202103011116/tools/bin/../lib/gcc/arm-none-eabi/10.2.1/../../../../arm-none-eabi/lib/thumb/v7e-m+fp/hard/libcr_semihost_nf.a(__sys_remove.o)
                0x0000000000008680                __sys_remove
 .text.__sys_seek
                0x000000000000868c        0xc /Applications/MCUXpressoIDE_11.4.0_6237/ide/plugins/com.nxp.mcuxpresso.tools.macosx_11.4.0.202103011116/tools/bin/../lib/gcc/arm-none-eabi/10.2.1/../../../../arm-none-eabi/lib/thumb/v7e-m+fp/hard/libcr_semihost_nf.a(__sys_seek.o)
                0x000000000000868c                __sys_seek
 .text.__sys_tmpnam
                0x0000000000008698        0xc /Applications/MCUXpressoIDE_11.4.0_6237/ide/plugins/com.nxp.mcuxpresso.tools.macosx_11.4.0.202103011116/tools/bin/../lib/gcc/arm-none-eabi/10.2.1/../../../../arm-none-eabi/lib/thumb/v7e-m+fp/hard/libcr_semihost_nf.a(__sys_tmpnam.o)
                0x0000000000008698                __sys_tmpnam
 .text.__sys_write
                0x00000000000086a4        0xc /Applications/MCUXpressoIDE_11.4.0_6237/ide/plugins/com.nxp.mcuxpresso.tools.macosx_11.4.0.202103011116/tools/bin/../lib/gcc/arm-none-eabi/10.2.1/../../../../arm-none-eabi/lib/thumb/v7e-m+fp/hard/libcr_semihost_nf.a(__sys_write.o)
                0x00000000000086a4                __sys_write
 *freertos*/tasks.o(SORT_BY_ALIGNMENT(.rodata*))
 .rodata.vTaskStartScheduler.str1.4
                0x00000000000086b0        0x5 ./freertos/freertos_kernel/tasks.o
 *fill*         0x00000000000086b5        0x3 ff
 .rodata        0x00000000000086b8       0x1c ./freertos/freertos_kernel/tasks.o
                0x00000000000086b8                portArch_Name
                0x00000000000086bc                FreeRTOSDebugConfig
 *(SORT_BY_ALIGNMENT(.rodata) SORT_BY_ALIGNMENT(.rodata.*) SORT_BY_ALIGNMENT(.constdata) SORT_BY_ALIGNMENT(.constdata.*))
 *fill*         0x00000000000086d4        0x4 ff
 .rodata.a1.1   0x00000000000086d8       0x88 /Applications/MCUXpressoIDE_11.4.0_6237/ide/plugins/com.nxp.mcuxpresso.tools.macosx_11.4.0.202103011116/tools/bin/../lib/gcc/arm-none-eabi/10.2.1/../../../../arm-none-eabi/lib/thumb/v7e-m+fp/hard/libcr_c.a(pow.o)
 .rodata.a2.0   0x0000000000008760       0x40 /Applications/MCUXpressoIDE_11.4.0_6237/ide/plugins/com.nxp.mcuxpresso.tools.macosx_11.4.0.202103011116/tools/bin/../lib/gcc/arm-none-eabi/10.2.1/../../../../arm-none-eabi/lib/thumb/v7e-m+fp/hard/libcr_c.a(pow.o)
 .rodata.__assertion_failed.str1.4
                0x00000000000087a0       0x14 ./utilities/fsl_assert.o
 .rodata.str1.4
                0x00000000000087b4       0x27 ./source/freertos_uart.o
                                         0x2b (size before relaxing)
 *fill*         0x00000000000087db        0x1 ff
 .rodata.main.str1.4
                0x00000000000087dc       0x25 ./source/freertos_uart.o
 *fill*         0x0000000000008801        0x3 ff
 .rodata.uart_task.str1.4
                0x0000000000008804       0x3f ./source/freertos_uart.o
 *fill*         0x0000000000008843        0x1 ff
 .rodata.receive_cmd.str1.4
                0x0000000000008844        0xc ./source/freertos_uart.o
 .rodata.getNetworkStatus.str1.4
                0x0000000000008850        0xe ./source/freertos_uart.o
 *fill*         0x000000000000885e        0x2 ff
 .rodata.sendGetRequest.str1.4
                0x0000000000008860       0xc4 ./source/freertos_uart.o
                                         0xc6 (size before relaxing)
 .rodata.shut_sim_connection.str1.4
                0x0000000000008924       0x14 ./source/freertos_uart.o
 .rodata.create_string.str1.4
                0x0000000000008938       0x2d ./source/freertos_uart.o
 *fill*         0x0000000000008965        0x3 ff
 .rodata.xTimerCreateTimerTask.str1.4
                0x0000000000008968        0x8 ./freertos/freertos_kernel/timers.o
 .rodata.prvCheckForValidListAndQueue.str1.4
                0x0000000000008970        0x5 ./freertos/freertos_kernel/timers.o
 *fill*         0x0000000000008975        0x3 ff
 .rodata.CLOCK_GetMcgExtClkFreq.str1.4
                0x0000000000008978       0x4e ./drivers/fsl_clock.o
 *fill*         0x00000000000089c6        0x2 ff
 .rodata.CLOCK_GetOsc0ErClkFreq.str1.4
                0x00000000000089c8       0x1f ./drivers/fsl_clock.o
 *fill*         0x00000000000089e7        0x1 ff
 .rodata.CLOCK_GetEr32kClkFreq.str1.4
                0x00000000000089e8       0x20 ./drivers/fsl_clock.o
 .rodata.CLOCK_GetPll0Freq.str1.4
                0x0000000000008a08       0x1e ./drivers/fsl_clock.o
 *fill*         0x0000000000008a26        0x2 ff
 .rodata.CLOCK_EnablePll0.str1.4
                0x0000000000008a28       0x1b ./drivers/fsl_clock.o
 *fill*         0x0000000000008a43        0x1 ff
 .rodata.CLOCK_SetPbeMode.str1.4
                0x0000000000008a44       0x1b ./drivers/fsl_clock.o
 *fill*         0x0000000000008a5f        0x1 ff
 .rodata.CLOCK_BootToPeeMode.str1.4
                0x0000000000008a60       0x1b ./drivers/fsl_clock.o
 *fill*         0x0000000000008a7b        0x1 ff
 .rodata.fllFactorTable.1
                0x0000000000008a7c       0x10 ./drivers/fsl_clock.o
 .rodata.s_uartBases
                0x0000000000008a8c       0x18 ./drivers/fsl_uart.o
 .rodata.s_uartIRQ
                0x0000000000008aa4        0x6 ./drivers/fsl_uart.o
                0x0000000000008aa4                s_uartIRQ
 *fill*         0x0000000000008aaa        0x2 ff
 .rodata.s_uartClock
                0x0000000000008aac       0x18 ./drivers/fsl_uart.o
 .rodata.UART_GetInstance.str1.4
                0x0000000000008ac4       0x2c ./drivers/fsl_uart.o
 .rodata.UART_TransferGetRxRingBufferLength.str1.4
                0x0000000000008af0       0x21 ./drivers/fsl_uart.o
 *fill*         0x0000000000008b11        0x3 ff
 .rodata.UART_TransferIsRxRingBufferFull.str1.4
                0x0000000000008b14       0x21 ./drivers/fsl_uart.o
 *fill*         0x0000000000008b35        0x3 ff
 .rodata.UART_Init.str1.4
                0x0000000000008b38      0x104 ./drivers/fsl_uart.o
 .rodata.UART_GetDefaultConfig.str1.4
                0x0000000000008c3c       0x21 ./drivers/fsl_uart.o
 *fill*         0x0000000000008c5d        0x3 ff
 .rodata.UART_WriteNonBlocking.str1.4
                0x0000000000008c60       0x1f ./drivers/fsl_uart.o
 *fill*         0x0000000000008c7f        0x1 ff
 .rodata.UART_ReadNonBlocking.str1.4
                0x0000000000008c80       0x1f ./drivers/fsl_uart.o
 *fill*         0x0000000000008c9f        0x1 ff
 .rodata.UART_TransferCreateHandle.str1.4
                0x0000000000008ca0       0x21 ./drivers/fsl_uart.o
 *fill*         0x0000000000008cc1        0x3 ff
 .rodata.UART_TransferStartRingBuffer.str1.4
                0x0000000000008cc4       0x49 ./drivers/fsl_uart.o
 *fill*         0x0000000000008d0d        0x3 ff
 .rodata.UART_TransferSendNonBlocking.str1.4
                0x0000000000008d10       0x94 ./drivers/fsl_uart.o
 .rodata.UART_TransferReceiveNonBlocking.str1.4
                0x0000000000008da4       0x94 ./drivers/fsl_uart.o
 .rodata.UART_TransferHandleIRQ.str1.4
                0x0000000000008e38       0x25 ./drivers/fsl_uart.o
 *fill*         0x0000000000008e5d        0x3 ff
 .rodata.mcgConfig_BOARD_BootClockRUN
                0x0000000000008e60        0xb ./board/clock_config.o
                0x0000000000008e60                mcgConfig_BOARD_BootClockRUN
 *fill*         0x0000000000008e6b        0x1 ff
 .rodata.simConfig_BOARD_BootClockRUN
                0x0000000000008e6c        0x8 ./board/clock_config.o
                0x0000000000008e6c                simConfig_BOARD_BootClockRUN
 .rodata.oscConfig_BOARD_BootClockRUN
                0x0000000000008e74        0x8 ./board/clock_config.o
                0x0000000000008e74                oscConfig_BOARD_BootClockRUN
 .rodata.__num_Ciob_streams
                0x0000000000008e7c        0x4 /Applications/MCUXpressoIDE_11.4.0_6237/ide/plugins/com.nxp.mcuxpresso.tools.macosx_11.4.0.202103011116/tools/bin/../lib/gcc/arm-none-eabi/10.2.1/../../../../arm-none-eabi/lib/thumb/v7e-m+fp/hard/libcr_semihost_nf.a(__ciob.o)
                0x0000000000008e7c                __num_Ciob_streams
 .rodata._Csys_alloc.str1.1
                0x0000000000008e80       0x18 /Applications/MCUXpressoIDE_11.4.0_6237/ide/plugins/com.nxp.mcuxpresso.tools.macosx_11.4.0.202103011116/tools/bin/../lib/gcc/arm-none-eabi/10.2.1/../../../../arm-none-eabi/lib/thumb/v7e-m+fp/hard/libcr_c.a(alloc.o)
 .rodata._initio.str1.1
                0x0000000000008e98        0x4 /Applications/MCUXpressoIDE_11.4.0_6237/ide/plugins/com.nxp.mcuxpresso.tools.macosx_11.4.0.202103011116/tools/bin/../lib/gcc/arm-none-eabi/10.2.1/../../../../arm-none-eabi/lib/thumb/v7e-m+fp/hard/libcr_c.a(initio.o)
 .rodata.__vfprintf.str1.1
                0x0000000000008e9c       0x37 /Applications/MCUXpressoIDE_11.4.0_6237/ide/plugins/com.nxp.mcuxpresso.tools.macosx_11.4.0.202103011116/tools/bin/../lib/gcc/arm-none-eabi/10.2.1/../../../../arm-none-eabi/lib/thumb/v7e-m+fp/hard/libcr_c.a(printf.o)
                                         0x38 (size before relaxing)
                0x0000000000008ed8                . = ALIGN (0x8)
 *fill*         0x0000000000008ed3        0x5 ff

.glue_7         0x0000000000008ed8        0x0
 .glue_7        0x0000000000008ed8        0x0 linker stubs

.glue_7t        0x0000000000008ed8        0x0
 .glue_7t       0x0000000000008ed8        0x0 linker stubs

.vfp11_veneer   0x0000000000008ed8        0x0
 .vfp11_veneer  0x0000000000008ed8        0x0 linker stubs

.v4_bx          0x0000000000008ed8        0x0
 .v4_bx         0x0000000000008ed8        0x0 linker stubs

.iplt           0x0000000000008ed8        0x0
 .iplt          0x0000000000008ed8        0x0 ./utilities/fsl_assert.o

.rel.dyn        0x0000000000008ed8        0x0
 .rel.iplt      0x0000000000008ed8        0x0 ./utilities/fsl_assert.o

.ARM.extab
 *(SORT_BY_ALIGNMENT(.ARM.extab*) SORT_BY_ALIGNMENT(.gnu.linkonce.armextab.*))

.ARM.exidx      0x0000000000008ed8        0x0
                0x0000000000008ed8                __exidx_start = .
 *(SORT_BY_ALIGNMENT(.ARM.exidx*) SORT_BY_ALIGNMENT(.gnu.linkonce.armexidx.*))
                0x0000000000008ed8                __exidx_end = .
                0x0000000000008ed8                _etext = .

.m_usb_data
 *(SORT_BY_ALIGNMENT(m_usb_bdt))

.data_RAM2      0x000000001fff0000        0x0 load address 0x0000000000008ed8
 FILL mask 0xff
                [!provide]                        PROVIDE (__start_data_RAM2 = .)
                [!provide]                        PROVIDE (__start_data_SRAM_LOWER = .)
 *(SORT_BY_ALIGNMENT(.ramfunc.$RAM2))
 *(SORT_BY_ALIGNMENT(.ramfunc.$SRAM_LOWER))
 *(SORT_BY_ALIGNMENT(.data.$RAM2))
 *(SORT_BY_ALIGNMENT(.data.$SRAM_LOWER))
 *(SORT_BY_ALIGNMENT(.data.$RAM2.*))
 *(SORT_BY_ALIGNMENT(.data.$SRAM_LOWER.*))
                0x000000001fff0000                . = ALIGN (0x8)
                [!provide]                        PROVIDE (__end_data_RAM2 = .)
                [!provide]                        PROVIDE (__end_data_SRAM_LOWER = .)

.data_RAM3      0x0000000014000000        0x0 load address 0x0000000000008ed8
 FILL mask 0xff
                [!provide]                        PROVIDE (__start_data_RAM3 = .)
                [!provide]                        PROVIDE (__start_data_FLEX_RAM = .)
 *(SORT_BY_ALIGNMENT(.ramfunc.$RAM3))
 *(SORT_BY_ALIGNMENT(.ramfunc.$FLEX_RAM))
 *(SORT_BY_ALIGNMENT(.data.$RAM3))
 *(SORT_BY_ALIGNMENT(.data.$FLEX_RAM))
 *(SORT_BY_ALIGNMENT(.data.$RAM3.*))
 *(SORT_BY_ALIGNMENT(.data.$FLEX_RAM.*))
                0x0000000014000000                . = ALIGN (0x8)
                [!provide]                        PROVIDE (__end_data_RAM3 = .)
                [!provide]                        PROVIDE (__end_data_FLEX_RAM = .)

.uninit_RESERVED
                0x0000000020000000        0x0
                0x0000000020000000                _start_uninit_RESERVED = .
 *(SORT_BY_ALIGNMENT(.bss.$RESERVED*))
                0x0000000020000000                . = ALIGN (0x8)
                0x0000000020000000                _end_uninit_RESERVED = .

.data           0x0000000020000000       0x30 load address 0x0000000000008ed8
 FILL mask 0xff
                0x0000000020000000                _data = .
                [!provide]                        PROVIDE (__start_data_RAM = .)
                [!provide]                        PROVIDE (__start_data_SRAM_UPPER = .)
 *(SORT_BY_ALIGNMENT(vtable))
 *(SORT_BY_ALIGNMENT(.ramfunc*))
 *(SORT_BY_ALIGNMENT(CodeQuickAccess))
 *(SORT_BY_ALIGNMENT(DataQuickAccess))
 *(SORT_BY_ALIGNMENT(RamFunction))
 *(SORT_BY_ALIGNMENT(.data*))
 .data.uxCriticalNesting
                0x0000000020000000        0x4 ./freertos/freertos_kernel/portable/GCC/ARM_CM4F/port.o
 .data.uxTopUsedPriority
                0x0000000020000004        0x4 ./freertos/freertos_kernel/tasks.o
                0x0000000020000004                uxTopUsedPriority
 .data.s_slowIrcFreq
                0x0000000020000008        0x4 ./drivers/fsl_clock.o
 .data.s_fastIrcFreq
                0x000000002000000c        0x4 ./drivers/fsl_clock.o
 .data.SystemCoreClock
                0x0000000020000010        0x4 ./device/system_MK64F12.o
                0x0000000020000010                SystemCoreClock
 .data.UART3_rtos_config
                0x0000000020000014       0x18 ./board/peripherals.o
                0x0000000020000014                UART3_rtos_config
                0x0000000020000030                . = ALIGN (0x8)
 *fill*         0x000000002000002c        0x4 ff
                0x0000000020000030                _edata = .
                [!provide]                        PROVIDE (__end_data_RAM = .)
                [!provide]                        PROVIDE (__end_data_SRAM_UPPER = .)

.igot.plt       0x0000000020000030        0x0 load address 0x0000000000008f08
 .igot.plt      0x0000000020000030        0x0 ./utilities/fsl_assert.o

.bss_RAM2       0x000000001fff0000        0x0
                [!provide]                        PROVIDE (__start_bss_RAM2 = .)
                [!provide]                        PROVIDE (__start_bss_SRAM_LOWER = .)
 *(SORT_BY_ALIGNMENT(.bss.$RAM2))
 *(SORT_BY_ALIGNMENT(.bss.$SRAM_LOWER))
 *(SORT_BY_ALIGNMENT(.bss.$RAM2.*))
 *(SORT_BY_ALIGNMENT(.bss.$SRAM_LOWER.*))
                0x000000001fff0000                . = ALIGN ((. != 0x0)?0x8:0x1)
                [!provide]                        PROVIDE (__end_bss_RAM2 = .)
                [!provide]                        PROVIDE (__end_bss_SRAM_LOWER = .)

.bss_RAM3       0x0000000014000000        0x0
                [!provide]                        PROVIDE (__start_bss_RAM3 = .)
                [!provide]                        PROVIDE (__start_bss_FLEX_RAM = .)
 *(SORT_BY_ALIGNMENT(.bss.$RAM3))
 *(SORT_BY_ALIGNMENT(.bss.$FLEX_RAM))
 *(SORT_BY_ALIGNMENT(.bss.$RAM3.*))
 *(SORT_BY_ALIGNMENT(.bss.$FLEX_RAM.*))
                0x0000000014000000                . = ALIGN ((. != 0x0)?0x8:0x1)
                [!provide]                        PROVIDE (__end_bss_RAM3 = .)
                [!provide]                        PROVIDE (__end_bss_FLEX_RAM = .)

.bss            0x0000000020000030     0x2c18
                0x0000000020000030                _bss = .
                [!provide]                        PROVIDE (__start_bss_RAM = .)
                [!provide]                        PROVIDE (__start_bss_SRAM_UPPER = .)
 *(SORT_BY_ALIGNMENT(.bss*))
 .bss.recv_buffer
                0x0000000020000030        0x1 ./source/freertos_uart.o
                0x0000000020000030                recv_buffer
 *fill*         0x0000000020000031        0x3 
 .bss.message_buffer
                0x0000000020000034       0x64 ./source/freertos_uart.o
                0x0000000020000034                message_buffer
 .bss.ucHeap    0x0000000020000098     0x2800 ./freertos/freertos_kernel/portable/MemMang/heap_4.o
 .bss.xStart    0x0000000020002898        0x8 ./freertos/freertos_kernel/portable/MemMang/heap_4.o
 .bss.pxEnd     0x00000000200028a0        0x4 ./freertos/freertos_kernel/portable/MemMang/heap_4.o
 .bss.xFreeBytesRemaining
                0x00000000200028a4        0x4 ./freertos/freertos_kernel/portable/MemMang/heap_4.o
 .bss.xMinimumEverFreeBytesRemaining
                0x00000000200028a8        0x4 ./freertos/freertos_kernel/portable/MemMang/heap_4.o
 .bss.xNumberOfSuccessfulAllocations
                0x00000000200028ac        0x4 ./freertos/freertos_kernel/portable/MemMang/heap_4.o
 .bss.xNumberOfSuccessfulFrees
                0x00000000200028b0        0x4 ./freertos/freertos_kernel/portable/MemMang/heap_4.o
 .bss.xBlockAllocatedBit
                0x00000000200028b4        0x4 ./freertos/freertos_kernel/portable/MemMang/heap_4.o
 .bss.ulMaxPRIGROUPValue
                0x00000000200028b8        0x4 ./freertos/freertos_kernel/portable/GCC/ARM_CM4F/port.o
 .bss.xQueueRegistry
                0x00000000200028bc       0x40 ./freertos/freertos_kernel/queue.o
                0x00000000200028bc                xQueueRegistry
 .bss.pxCurrentTCB
                0x00000000200028fc        0x4 ./freertos/freertos_kernel/tasks.o
                0x00000000200028fc                pxCurrentTCB
 .bss.pxReadyTasksLists
                0x0000000020002900       0x64 ./freertos/freertos_kernel/tasks.o
 .bss.xDelayedTaskList1
                0x0000000020002964       0x14 ./freertos/freertos_kernel/tasks.o
 .bss.xDelayedTaskList2
                0x0000000020002978       0x14 ./freertos/freertos_kernel/tasks.o
 .bss.pxDelayedTaskList
                0x000000002000298c        0x4 ./freertos/freertos_kernel/tasks.o
 .bss.pxOverflowDelayedTaskList
                0x0000000020002990        0x4 ./freertos/freertos_kernel/tasks.o
 .bss.xPendingReadyList
                0x0000000020002994       0x14 ./freertos/freertos_kernel/tasks.o
 .bss.xTasksWaitingTermination
                0x00000000200029a8       0x14 ./freertos/freertos_kernel/tasks.o
 .bss.uxDeletedTasksWaitingCleanUp
                0x00000000200029bc        0x4 ./freertos/freertos_kernel/tasks.o
 .bss.xSuspendedTaskList
                0x00000000200029c0       0x14 ./freertos/freertos_kernel/tasks.o
 .bss.uxCurrentNumberOfTasks
                0x00000000200029d4        0x4 ./freertos/freertos_kernel/tasks.o
 .bss.xTickCount
                0x00000000200029d8        0x4 ./freertos/freertos_kernel/tasks.o
 .bss.uxTopReadyPriority
                0x00000000200029dc        0x4 ./freertos/freertos_kernel/tasks.o
 .bss.xSchedulerRunning
                0x00000000200029e0        0x4 ./freertos/freertos_kernel/tasks.o
 .bss.xPendedTicks
                0x00000000200029e4        0x4 ./freertos/freertos_kernel/tasks.o
 .bss.xYieldPending
                0x00000000200029e8        0x4 ./freertos/freertos_kernel/tasks.o
 .bss.xNumOfOverflows
                0x00000000200029ec        0x4 ./freertos/freertos_kernel/tasks.o
 .bss.uxTaskNumber
                0x00000000200029f0        0x4 ./freertos/freertos_kernel/tasks.o
 .bss.xNextTaskUnblockTime
                0x00000000200029f4        0x4 ./freertos/freertos_kernel/tasks.o
 .bss.xIdleTaskHandle
                0x00000000200029f8        0x4 ./freertos/freertos_kernel/tasks.o
 .bss.uxSchedulerSuspended
                0x00000000200029fc        0x4 ./freertos/freertos_kernel/tasks.o
 .bss.xActiveTimerList1
                0x0000000020002a00       0x14 ./freertos/freertos_kernel/timers.o
 .bss.xActiveTimerList2
                0x0000000020002a14       0x14 ./freertos/freertos_kernel/timers.o
 .bss.pxCurrentTimerList
                0x0000000020002a28        0x4 ./freertos/freertos_kernel/timers.o
 .bss.pxOverflowTimerList
                0x0000000020002a2c        0x4 ./freertos/freertos_kernel/timers.o
 .bss.xTimerQueue
                0x0000000020002a30        0x4 ./freertos/freertos_kernel/timers.o
 .bss.xTimerTaskHandle
                0x0000000020002a34        0x4 ./freertos/freertos_kernel/timers.o
 .bss.xLastTime.0
                0x0000000020002a38        0x4 ./freertos/freertos_kernel/timers.o
 .bss.g_xtal0Freq
                0x0000000020002a3c        0x4 ./drivers/fsl_clock.o
                0x0000000020002a3c                g_xtal0Freq
 .bss.g_xtal32Freq
                0x0000000020002a40        0x4 ./drivers/fsl_clock.o
                0x0000000020002a40                g_xtal32Freq
 .bss.s_uartHandle
                0x0000000020002a44       0x18 ./drivers/fsl_uart.o
                0x0000000020002a44                s_uartHandle
 .bss.s_uartIsr
                0x0000000020002a5c        0x4 ./drivers/fsl_uart.o
                0x0000000020002a5c                s_uartIsr
 .bss.UART3_rtos_handle
                0x0000000020002a60       0x28 ./board/peripherals.o
                0x0000000020002a60                UART3_rtos_handle
 .bss.UART3_uart_handle
                0x0000000020002a88       0x30 ./board/peripherals.o
                0x0000000020002a88                UART3_uart_handle
 .bss.UART3_background_buffer
                0x0000000020002ab8       0xc8 ./board/peripherals.o
                0x0000000020002ab8                UART3_background_buffer
 .bss.errno     0x0000000020002b80        0x4 /Applications/MCUXpressoIDE_11.4.0_6237/ide/plugins/com.nxp.mcuxpresso.tools.macosx_11.4.0.202103011116/tools/bin/../lib/gcc/arm-none-eabi/10.2.1/../../../../arm-none-eabi/lib/thumb/v7e-m+fp/hard/libcr_c.a(errno.o)
                0x0000000020002b80                errno
 .bss.__end_of_heap
                0x0000000020002b84        0x4 /Applications/MCUXpressoIDE_11.4.0_6237/ide/plugins/com.nxp.mcuxpresso.tools.macosx_11.4.0.202103011116/tools/bin/../lib/gcc/arm-none-eabi/10.2.1/../../../../arm-none-eabi/lib/thumb/v7e-m+fp/hard/libcr_c.a(__init_alloc.o)
                0x0000000020002b84                __end_of_heap
 .bss.__heaps   0x0000000020002b88        0x4 /Applications/MCUXpressoIDE_11.4.0_6237/ide/plugins/com.nxp.mcuxpresso.tools.macosx_11.4.0.202103011116/tools/bin/../lib/gcc/arm-none-eabi/10.2.1/../../../../arm-none-eabi/lib/thumb/v7e-m+fp/hard/libcr_c.a(__init_alloc.o)
                0x0000000020002b88                __heaps
 .bss.__Ciob    0x0000000020002b8c       0xb4 /Applications/MCUXpressoIDE_11.4.0_6237/ide/plugins/com.nxp.mcuxpresso.tools.macosx_11.4.0.202103011116/tools/bin/../lib/gcc/arm-none-eabi/10.2.1/../../../../arm-none-eabi/lib/thumb/v7e-m+fp/hard/libcr_semihost_nf.a(__ciob.o)
                0x0000000020002b8c                __Ciob
 .bss.ucMaxSysCallPriority
                0x0000000020002c40        0x1 ./freertos/freertos_kernel/portable/GCC/ARM_CM4F/port.o
 *(SORT_BY_ALIGNMENT(COMMON))
                0x0000000020002c48                . = ALIGN (0x8)